Component: ARM Compiler 5.06 update 7 (build 960) Tool: armlink [4d3601]

==============================================================================

Section Cross References

    mytimer.o(i.Key_Scan) refers to stm32f0xx_hal_gpio.o(i.HAL_GPIO_ReadPin) for HAL_GPIO_ReadPin
    mytimer.o(i.Key_Scan) refers to mytimer.o(.bss) for keyin_buf
    mytimer.o(i.Key_Scan) refers to mytimer.o(.data) for key_idx
    mytimer.o(i.MySysTick_Handler) refers to buzzer.o(i.Buzzer_Sequence) for Buzzer_Sequence
    mytimer.o(i.MySysTick_Handler) refers to mytimer.o(i.Key_Scan) for Key_Scan
    mytimer.o(i.MySysTick_Handler) refers to mytimer.o(.data) for callback_1ms
    mytimer.o(i.MySysTick_Handler) refers to rs485.o(.data) for urx2_tout
    mytimer.o(i.MySysTick_Handler) refers to clothdryer.o(.data) for keycont_timeout
    mytimer.o(i.Timer_Proc) refers to segment.o(i.Send_LED_Data) for Send_LED_Data
    mytimer.o(i.Timer_Proc) refers to clothdryer.o(i.Autoled_on) for Autoled_on
    mytimer.o(i.Timer_Proc) refers to clothdryer.o(i.Sterled_on) for Sterled_on
    mytimer.o(i.Timer_Proc) refers to stm32f0xx_hal_gpio.o(i.HAL_GPIO_TogglePin) for HAL_GPIO_TogglePin
    mytimer.o(i.Timer_Proc) refers to aeabi_sdiv.o(.text) for __aeabi_idivmod
    mytimer.o(i.Timer_Proc) refers to clothdryer.o(i.Waitled_on) for Waitled_on
    mytimer.o(i.Timer_Proc) refers to buzzer.o(i.Play_Buzzer) for Play_Buzzer
    mytimer.o(i.Timer_Proc) refers to mytimer.o(.data) for callback_10ms
    mytimer.o(i.Timer_Proc) refers to clothdryer.o(.data) for temper_timeout
    mytimer.o(i.Timer_Proc) refers to rs485.o(.data) for flg_485_send
    mytimer.o(i.Timer_Proc) refers to flashrom.o(.bss) for Flashdatarec
    buzzer.o(i.Buzzer_Sequence) refers to buzzer.o(i.PWM_Config) for PWM_Config
    buzzer.o(i.Buzzer_Sequence) refers to stm32f0xx_hal_gpio.o(i.HAL_GPIO_WritePin) for HAL_GPIO_WritePin
    buzzer.o(i.Buzzer_Sequence) refers to buzzer.o(i.Buzzer_Stop) for Buzzer_Stop
    buzzer.o(i.Buzzer_Sequence) refers to buzzer.o(.data) for bs_num
    buzzer.o(i.Buzzer_Sequence) refers to buzzer.o(.constdata) for TempoValue
    buzzer.o(i.Buzzer_Stop) refers to stm32f0xx_hal_gpio.o(i.HAL_GPIO_WritePin) for HAL_GPIO_WritePin
    buzzer.o(i.Buzzer_Stop) refers to stm32f0xx_hal_tim.o(i.HAL_TIM_PWM_Stop) for HAL_TIM_PWM_Stop
    buzzer.o(i.Buzzer_Stop) refers to main.o(.bss) for htim17
    buzzer.o(i.PWM_Config) refers to rt_memclr.o(.text) for __aeabi_memclr4
    buzzer.o(i.PWM_Config) refers to aeabi_sdiv.o(.text) for __aeabi_uidivmod
    buzzer.o(i.PWM_Config) refers to stm32f0xx_hal_tim.o(i.HAL_TIM_Base_Init) for HAL_TIM_Base_Init
    buzzer.o(i.PWM_Config) refers to main.o(i.Error_Handler) for Error_Handler
    buzzer.o(i.PWM_Config) refers to stm32f0xx_hal_tim.o(i.HAL_TIM_PWM_Init) for HAL_TIM_PWM_Init
    buzzer.o(i.PWM_Config) refers to stm32f0xx_hal_tim.o(i.HAL_TIM_PWM_ConfigChannel) for HAL_TIM_PWM_ConfigChannel
    buzzer.o(i.PWM_Config) refers to stm32f0xx_hal_tim.o(i.HAL_TIM_PWM_Start) for HAL_TIM_PWM_Start
    buzzer.o(i.PWM_Config) refers to system_stm32f0xx.o(.data) for SystemCoreClock
    buzzer.o(i.PWM_Config) refers to main.o(.bss) for htim17
    buzzer.o(i.Play_Buzzer) refers to stm32f0xx_hal_gpio.o(i.HAL_GPIO_WritePin) for HAL_GPIO_WritePin
    buzzer.o(i.Play_Buzzer) refers to buzzer.o(i.__ARM_common_switch8) for __ARM_common_switch8
    buzzer.o(i.Play_Buzzer) refers to buzzer.o(.constdata) for STBL_Not
    buzzer.o(i.Play_Buzzer) refers to buzzer.o(.data) for psound_data
    crc16.o(i.MakeCCITT16) refers to crc16.o(.constdata) for CrcCcittTable
    debug.o(i.Debug_proc) refers to debug.o(i.GetLine_Proc) for GetLine_Proc
    debug.o(i.Debug_proc) refers to debug.o(i.UserCommand_Proc) for UserCommand_Proc
    debug.o(i.Debug_proc) refers to debug.o(.data) for urx1_comp
    debug.o(i.GetLine_Proc) refers to debug.o(i.SendChar) for SendChar
    debug.o(i.GetLine_Proc) refers to debug.o(.data) for urx1_count
    debug.o(i.GetLine_Proc) refers to debug.o(.bss) for urx1_buf
    debug.o(i.SendChar) refers to stm32f0xx_hal.o(i.HAL_Delay) for HAL_Delay
    debug.o(i.SendChar) refers to debug.o(.data) for p1_in
    debug.o(i.SendChar) refers to debug.o(.bss) for utx1_buf
    debug.o(i.USART1_IRQ_Function) refers to debug.o(.data) for urx1_comp
    debug.o(i.USART1_IRQ_Function) refers to debug.o(.bss) for urx1_buf
    debug.o(i.USART1_IRQ_Function) refers to main.o(.bss) for huart1
    debug.o(i.UserCommand_Proc) refers to toupper.o(.text) for toupper
    debug.o(i.UserCommand_Proc) refers to strcpy.o(.text) for strcpy
    debug.o(i.UserCommand_Proc) refers to debug.o(i.get_entry) for get_entry
    debug.o(i.UserCommand_Proc) refers to strcmp.o(.text) for strcmp
    debug.o(i.UserCommand_Proc) refers to debug.o(i.mprintf) for mprintf
    debug.o(i.UserCommand_Proc) refers to debug.o(.data) for flg_getline_comp
    debug.o(i.UserCommand_Proc) refers to debug.o(.bss) for urx1_buf
    debug.o(i.UserCommand_Proc) refers to debug.o(.constdata) for cmd
[...]
    __rt_lib_init_signal_1                   0x08000231   Thumb Code     0  libinit2.o(.ARM.Collect$$libinit$$0000001D)
    __rt_lib_init_stdio_1                    0x08000231   Thumb Code     0  libinit2.o(.ARM.Collect$$libinit$$00000025)
    __rt_lib_shutdown                        0x08000233   Thumb Code     0  libshutdown.o(.ARM.Collect$$libshutdown$$00000000)
    __rt_lib_shutdown_cpp_1                  0x08000235   Thumb Code     0  libshutdown2.o(.ARM.Collect$$libshutdown$$00000004)
    __rt_lib_shutdown_fini_1                 0x08000235   Thumb Code     0  libshutdown2.o(.ARM.Collect$$libshutdown$$00000002)
    __rt_lib_shutdown_fp_trap_1              0x08000235   Thumb Code     0  libshutdown2.o(.ARM.Collect$$libshutdown$$00000009)
    __rt_lib_shutdown_heap_1                 0x08000235   Thumb Code     0  libshutdown2.o(.ARM.Collect$$libshutdown$$00000011)
    __rt_lib_shutdown_return                 0x08000235   Thumb Code     0  libshutdown2.o(.ARM.Collect$$libshutdown$$00000012)
    __rt_lib_shutdown_signal_1               0x08000235   Thumb Code     0  libshutdown2.o(.ARM.Collect$$libshutdown$$0000000C)
    __rt_lib_shutdown_stdio_1                0x08000235   Thumb Code     0  libshutdown2.o(.ARM.Collect$$libshutdown$$00000006)
    __rt_lib_shutdown_user_alloc_1           0x08000235   Thumb Code     0  libshutdown2.o(.ARM.Collect$$libshutdown$$0000000E)
    __rt_entry                               0x08000237   Thumb Code     0  __rtentry.o(.ARM.Collect$$rtentry$$00000000)
    __rt_entry_presh_1                       0x08000237   Thumb Code     0  __rtentry2.o(.ARM.Collect$$rtentry$$00000002)
    __rt_entry_sh                            0x08000237   Thumb Code     0  __rtentry4.o(.ARM.Collect$$rtentry$$00000004)
    __rt_entry_li                            0x0800023d   Thumb Code     0  __rtentry2.o(.ARM.Collect$$rtentry$$0000000A)
    __rt_entry_postsh_1                      0x0800023d   Thumb Code     0  __rtentry2.o(.ARM.Collect$$rtentry$$00000009)
    __rt_entry_main                          0x08000241   Thumb Code     0  __rtentry2.o(.ARM.Collect$$rtentry$$0000000D)
    __rt_entry_postli_1                      0x08000241   Thumb Code     0  __rtentry2.o(.ARM.Collect$$rtentry$$0000000C)
    __rt_exit                                0x08000249   Thumb Code     0  rtexit.o(.ARM.Collect$$rtexit$$00000000)
    __rt_exit_ls                             0x0800024b   Thumb Code     0  rtexit2.o(.ARM.Collect$$rtexit$$00000003)
    __rt_exit_prels_1                        0x0800024b   Thumb Code     0  rtexit2.o(.ARM.Collect$$rtexit$$00000002)
    __rt_exit_exit                           0x0800024f   Thumb Code     0  rtexit2.o(.ARM.Collect$$rtexit$$00000004)
    Reset_Handler                            0x08000255   Thumb Code     8  startup_stm32f030x8.o(.text)
    ADC1_IRQHandler                          0x08000267   Thumb Code     0  startup_stm32f030x8.o(.text)
    DMA1_Channel1_IRQHandler                 0x08000267   Thumb Code     0  startup_stm32f030x8.o(.text)
    DMA1_Channel2_3_IRQHandler               0x08000267   Thumb Code     0  startup_stm32f030x8.o(.text)
    DMA1_Channel4_5_IRQHandler               0x08000267   Thumb Code     0  startup_stm32f030x8.o(.text)
    EXTI0_1_IRQHandler                       0x08000267   Thumb Code     0  startup_stm32f030x8.o(.text)
    EXTI2_3_IRQHandler                       0x08000267   Thumb Code     0  startup_stm32f030x8.o(.text)
    EXTI4_15_IRQHandler                      0x08000267   Thumb Code     0  startup_stm32f030x8.o(.text)
    FLASH_IRQHandler                         0x08000267   Thumb Code     0  startup_stm32f030x8.o(.text)
    I2C1_IRQHandler                          0x08000267   Thumb Code     0  startup_stm32f030x8.o(.text)
    I2C2_IRQHandler                          0x08000267   Thumb Code     0  startup_stm32f030x8.o(.text)
    RCC_IRQHandler                           0x08000267   Thumb Code     0  startup_stm32f030x8.o(.text)
    RTC_IRQHandler                           0x08000267   Thumb Code     0  startup_stm32f030x8.o(.text)
    SPI1_IRQHandler                          0x08000267   Thumb Code     0  startup_stm32f030x8.o(.text)
    SPI2_IRQHandler                          0x08000267   Thumb Code     0  startup_stm32f030x8.o(.text)
    TIM14_IRQHandler                         0x08000267   Thumb Code     0  startup_stm32f030x8.o(.text)
    TIM15_IRQHandler                         0x08000267   Thumb Code     0  startup_stm32f030x8.o(.text)
    TIM16_IRQHandler                         0x08000267   Thumb Code     0  startup_stm32f030x8.o(.text)
    TIM17_IRQHandler                         0x08000267   Thumb Code     0  startup_stm32f030x8.o(.text)
    TIM1_BRK_UP_TRG_COM_IRQHandler           0x08000267   Thumb Code     0  startup_stm32f030x8.o(.text)
    TIM1_CC_IRQHandler                       0x08000267   Thumb Code     0  startup_stm32f030x8.o(.text)
    TIM3_IRQHandler                          0x08000267   Thumb Code     0  startup_stm32f030x8.o(.text)
    TIM6_IRQHandler                          0x08000267   Thumb Code     0  startup_stm32f030x8.o(.text)
    WWDG_IRQHandler                          0x08000267   Thumb Code     0  startup_stm32f030x8.o(.text)
    __user_initial_stackheap                 0x08000269   Thumb Code     0  startup_stm32f030x8.o(.text)
    __aeabi_llsr                             0x0800028d   Thumb Code    34  llushr.o(.text)
    _ll_ushift_r                             0x0800028d   Thumb Code     0  llushr.o(.text)
    __aeabi_uldivmod                         0x080002af   Thumb Code   258  lludiv.o(.text)
    _ll_udiv                                 0x080002af   Thumb Code     0  lludiv.o(.text)
    toupper                                  0x080003b1   Thumb Code    30  toupper.o(.text)
    vsprintf                                 0x080003d1   Thumb Code    32  vsprintf.o(.text)
    atoi                                     0x080003f5   Thumb Code    26  atoi.o(.text)
    strcpy                                   0x08000411   Thumb Code    70  strcpy.o(.text)
    _memset_w                                0x0800045d   Thumb Code    26  rt_memclr.o(.text)
    _memset                                  0x08000477   Thumb Code    30  rt_memclr.o(.text)
    __aeabi_memclr                           0x08000495   Thumb Code     4  rt_memclr.o(.text)
    __rt_memclr                              0x08000495   Thumb Code     0  rt_memclr.o(.text)
    __aeabi_memclr4                          0x08000499   Thumb Code     0  rt_memclr.o(.text)
    __aeabi_memclr8                          0x08000499   Thumb Code     0  rt_memclr.o(.text)
    __rt_memclr_w                            0x08000499   Thumb Code     4  rt_memclr.o(.text)
    strcmp                                   0x0800049d   Thumb Code   132  strcmp.o(.text)
    __aeabi_uidiv                            0x08000525   Thumb Code     0  aeabi_sdiv.o(.text)
    __aeabi_uidivmod                         0x08000525   Thumb Code    20  aeabi_sdiv.o(.text)
    __aeabi_idiv                             0x08000539   Thumb Code     0  aeabi_sdiv.o(.text)
    __aeabi_idivmod                          0x08000539   Thumb Code   326  aeabi_sdiv.o(.text)
    __use_two_region_memory                  0x0800067f   Thumb Code     2  heapauxi.o(.text)
    __rt_heap_escrow$2region                 0x08000681   Thumb Code     2  heapauxi.o(.text)
    __rt_heap_expand$2region                 0x08000683   Thumb Code     2  heapauxi.o(.text)
    __rt_ctype_table                         0x08000685   Thumb Code    16  rt_ctype_table.o(.text)
    __aeabi_errno_addr                       0x08000695   Thumb Code     8  rt_errno_addr_intlibspace.o(.text)
    __errno$intlibspace                      0x08000695   Thumb Code     0  rt_errno_addr_intlibspace.o(.text)
    __rt_errno_addr$intlibspace              0x08000695   Thumb Code     0  rt_errno_addr_intlibspace.o(.text)
    _printf_pre_padding                      0x0800069d   Thumb Code    44  _printf_pad.o(.text)
    _printf_post_padding                     0x080006c9   Thumb Code    34  _printf_pad.o(.text)
    _printf_truncate_signed                  0x080006eb   Thumb Code    18  _printf_truncate.o(.text)
    _printf_truncate_unsigned                0x080006fd   Thumb Code    18  _printf_truncate.o(.text)
    _printf_str                              0x0800070f   Thumb Code    82  _printf_str.o(.text)
    _printf_int_dec                          0x08000761   Thumb Code    90  _printf_dec.o(.text)
    _printf_charcount                        0x080007cd   Thumb Code    38  _printf_charcount.o(.text)
    _printf_char_common                      0x080007ff   Thumb Code    32  _printf_char_common.o(.text)
    _sputc                                   0x08000825   Thumb Code    10  _sputc.o(.text)
    _printf_wctomb                           0x08000831   Thumb Code   182  _printf_wctomb.o(.text)
    _printf_longlong_dec                     0x080008ed   Thumb Code    94  _printf_longlong_dec.o(.text)
    _printf_longlong_oct                     0x0800095d   Thumb Code    68  _printf_oct_int_ll.o(.text)
    _printf_int_oct                          0x080009a1   Thumb Code    24  _printf_oct_int_ll.o(.text)
    _printf_ll_oct                           0x080009b9   Thumb Code    10  _printf_oct_int_ll.o(.text)
    _printf_longlong_hex                     0x080009cd   Thumb Code    88  _printf_hex_int_ll_ptr.o(.text)
    _printf_int_hex                          0x08000a25   Thumb Code    28  _printf_hex_int_ll_ptr.o(.text)
    _printf_ll_hex                           0x08000a41   Thumb Code    10  _printf_hex_int_ll_ptr.o(.text)
    _printf_hex_ptr                          0x08000a4b   Thumb Code    22  _printf_hex_int_ll_ptr.o(.text)
    __printf                                 0x08000a65   Thumb Code   386  __printf_flags_ss_wp.o(.text)
    strtol                                   0x08000bed   Thumb Code   108  strtol.o(.text)
    __user_libspace                          0x08000c5d   Thumb Code     8  libspace.o(.text)
    __user_perproc_libspace                  0x08000c5d   Thumb Code     0  libspace.o(.text)
    __user_perthread_libspace                0x08000c5d   Thumb Code     0  libspace.o(.text)
    __rt_locale                              0x08000c65   Thumb Code     8  rt_locale_intlibspace.o(.text)
    _ll_udiv10                               0x08000c6d   Thumb Code   122  lludiv10.o(.text)
    _printf_int_common                       0x08000ce7   Thumb Code   176  _printf_intcommon.o(.text)
    __lib_sel_fp_printf                      0x08000d99   Thumb Code     2  _printf_fp_dec.o(.text)
    _printf_fp_dec_real                      0x08000f37   Thumb Code   620  _printf_fp_dec.o(.text)
    _printf_fp_hex_real                      0x080011b1   Thumb Code   718  _printf_fp_hex.o(.text)
    _printf_cs_common                        0x08001489   Thumb Code    22  _printf_char.o(.text)
    _printf_char                             0x0800149f   Thumb Code    16  _printf_char.o(.text)
    _printf_string                           0x080014af   Thumb Code     8  _printf_char.o(.text)
    _printf_lcs_common                       0x080014b7   Thumb Code    22  _printf_wchar.o(.text)
    _printf_wchar                            0x080014cd   Thumb Code    16  _printf_wchar.o(.text)
    _printf_wstring                          0x080014dd   Thumb Code     8  _printf_wchar.o(.text)
    _strtoul                                 0x080014e5   Thumb Code   166  _strtoul.o(.text)
    _wcrtomb                                 0x0800158b   Thumb Code    64  _wcrtomb.o(.text)
    __rt_udiv10                              0x080015cb   Thumb Code    40  rtudiv10.o(.text)
    __user_setup_stackheap                   0x080015f3   Thumb Code    62  sys_stackheap_outer.o(.text)
    _printf_fp_infnan                        0x08001631   Thumb Code   120  _printf_fp_infnan.o(.text)
    _chval                                   0x080016b9   Thumb Code    30  _chval.o(.text)
    _btod_etento                             0x080016d9   Thumb Code   210  bigflt0.o(.text)
    _btod_d2e                                0x080017b1   Thumb Code    64  btod.o(.text)
    _btod_emul                               0x08001be5   Thumb Code    28  btod.o(.text)
    _btod_emuld                              0x08001c01   Thumb Code   144  btod.o(.text)
    _btod_ediv                               0x08001c91   Thumb Code    26  btod.o(.text)
    _btod_edivd                              0x08001cab   Thumb Code   124  btod.o(.text)
    exit                                     0x08001d31   Thumb Code    16  exit.o(.text)
    _sys_exit                                0x08001d41   Thumb Code     8  sys_exit.o(.text)
    __I$use$semihosting                      0x08001d4d   Thumb Code     0  use_no_semi.o(.text)
    __use_no_semihosting_swi                 0x08001d4d   Thumb Code     2  use_no_semi.o(.text)
    __semihosting_library_function           0x08001d4f   Thumb Code     0  indicate_semi.o(.text)
    Auto_Proc                                0x08001d51   Thumb Code   818  clothdryer.o(i.Auto_Proc)
    Autoled_on                               0x0800211d   Thumb Code   244  clothdryer.o(i.Autoled_on)
    Buzzer_Sequence                          0x08002211   Thumb Code   214  buzzer.o(i.Buzzer_Sequence)
    Buzzer_Stop                              0x08002309   Thumb Code    24  buzzer.o(i.Buzzer_Stop)
    Calculate_Humi                           0x08002329   Thumb Code   104  clothdryer.o(i.Calculate_Humi)
    Circula_Error_Check                      0x08002399   Thumb Code   124  clothdryer.o(i.Circula_Error_Check)
    Cloth_Dryer_Proc                         0x08002441   Thumb Code   146  clothdryer.o(i.Cloth_Dryer_Proc)
    Cooling_Proc                             0x08002509   Thumb Code   262  clothdryer.o(i.Cooling_Proc)
    Debug_proc                               0x08002651   Thumb Code    20  debug.o(i.Debug_proc)
    Disp_Coollingled                         0x08002669   Thumb Code   782  clothdryer.o(i.Disp_Coollingled)
    Disp_ErrCode                             0x08002999   Thumb Code   576  clothdryer.o(i.Disp_ErrCode)
    Disp_HighTemp_Seg                        0x08002bf5   Thumb Code   256  clothdryer.o(i.Disp_HighTemp_Seg)
    Disp_Humi_Seg                            0x08002cf9   Thumb Code    82  clothdryer.o(i.Disp_Humi_Seg)
    Disp_Option                              0x08002d4d   Thumb Code   490  clothdryer.o(i.Disp_Option)
    Disp_Segment                             0x08002f41   Thumb Code   950  clothdryer.o(i.Disp_Segment)
    Disp_Temp_Seg                            0x08003339   Thumb Code   128  clothdryer.o(i.Disp_Temp_Seg)
    Disp_Time_Seg                            0x080033b9   Thumb Code    46  clothdryer.o(i.Disp_Time_Seg)
    Disp_Version                             0x080033e7   Thumb Code    44  clothdryer.o(i.Disp_Version)
    Error_Check_Proc                         0x08003415   Thumb Code    40  clothdryer.o(i.Error_Check_Proc)
    Error_Handler                            0x08003441   Thumb Code     6  main.o(i.Error_Handler)
    Error_Recovery_Proc                      0x08003449   Thumb Code    40  clothdryer.o(i.Error_Recovery_Proc)
    FLASH_PageErase                          0x080034a1   Thumb Code    34  stm32f0xx_hal_flash_ex.o(i.FLASH_PageErase)
    FLASH_WaitForLastOperation               0x08003535   Thumb Code   100  stm32f0xx_hal_flash.o(i.FLASH_WaitForLastOperation)
    FlashRom_Init                            0x0800359d   Thumb Code   410  flashrom.o(i.FlashRom_Init)
    FlashRom_WriteData                       0x08003789   Thumb Code   218  flashrom.o(i.FlashRom_WriteData)
    GetLine_Proc                             0x080038a9   Thumb Code   242  debug.o(i.GetLine_Proc)
    HAL_Delay                                0x080039ad   Thumb Code    38  stm32f0xx_hal.o(i.HAL_Delay)
    HAL_FLASHEx_Erase                        0x080039d9   Thumb Code   160  stm32f0xx_hal_flash_ex.o(i.HAL_FLASHEx_Erase)
    HAL_FLASH_Lock                           0x08003a85   Thumb Code    16  stm32f0xx_hal_flash.o(i.HAL_FLASH_Lock)
    HAL_FLASH_Program                        0x08003a99   Thumb Code   174  stm32f0xx_hal_flash.o(i.HAL_FLASH_Program)
    HAL_FLASH_Unlock                         0x08003b55   Thumb Code    40  stm32f0xx_hal_flash.o(i.HAL_FLASH_Unlock)
    HAL_GPIO_Init                            0x08003b89   Thumb Code   470  stm32f0xx_hal_gpio.o(i.HAL_GPIO_Init)
    HAL_GPIO_ReadPin                         0x08003d79   Thumb Code    18  stm32f0xx_hal_gpio.o(i.HAL_GPIO_ReadPin)
    HAL_GPIO_TogglePin                       0x08003d8b   Thumb Code    20  stm32f0xx_hal_gpio.o(i.HAL_GPIO_TogglePin)
    HAL_GPIO_WritePin                        0x08003d9f   Thumb Code    12  stm32f0xx_hal_gpio.o(i.HAL_GPIO_WritePin)
    HAL_GetTick                              0x08003dad   Thumb Code     6  stm32f0xx_hal.o(i.HAL_GetTick)
    HAL_I2CEx_EnableFastModePlus             0x08003db9   Thumb Code    42  stm32f0xx_hal_i2c_ex.o(i.HAL_I2CEx_EnableFastModePlus)
    HAL_IncTick                              0x08003ded   Thumb Code    16  stm32f0xx_hal.o(i.HAL_IncTick)
    HAL_Init                                 0x08003e05   Thumb Code    28  stm32f0xx_hal.o(i.HAL_Init)
    HAL_InitTick                             0x08003e25   Thumb Code    70  stm32f0xx_hal.o(i.HAL_InitTick)
    HAL_MspInit                              0x08003e79   Thumb Code    60  stm32f0xx_hal_msp.o(i.HAL_MspInit)
    HAL_NVIC_EnableIRQ                       0x08003eb9   Thumb Code    30  stm32f0xx_hal_cortex.o(i.HAL_NVIC_EnableIRQ)
    HAL_NVIC_SetPriority                     0x08003edd   Thumb Code    18  stm32f0xx_hal_cortex.o(i.HAL_NVIC_SetPriority)
    HAL_RCCEx_PeriphCLKConfig                0x08003ef1   Thumb Code   322  stm32f0xx_hal_rcc_ex.o(i.HAL_RCCEx_PeriphCLKConfig)
    HAL_RCC_ClockConfig                      0x08004041   Thumb Code   342  stm32f0xx_hal_rcc.o(i.HAL_RCC_ClockConfig)
    HAL_RCC_GetHCLKFreq                      0x080041ad   Thumb Code     6  stm32f0xx_hal_rcc.o(i.HAL_RCC_GetHCLKFreq)
    HAL_RCC_GetPCLK1Freq                     0x080041b9   Thumb Code    26  stm32f0xx_hal_rcc.o(i.HAL_RCC_GetPCLK1Freq)
    HAL_RCC_GetSysClockFreq                  0x080041dd   Thumb Code   162  stm32f0xx_hal_rcc.o(i.HAL_RCC_GetSysClockFreq)
    HAL_RCC_OscConfig                        0x080042ad   Thumb Code  1416  stm32f0xx_hal_rcc.o(i.HAL_RCC_OscConfig)
    HAL_SYSTICK_Config                       0x08004839   Thumb Code    46  stm32f0xx_hal_cortex.o(i.HAL_SYSTICK_Config)
    HAL_TIMEx_ConfigBreakDeadTime            0x08004871   Thumb Code   140  stm32f0xx_hal_tim_ex.o(i.HAL_TIMEx_ConfigBreakDeadTime)
    HAL_TIMEx_MasterConfigSynchronization    0x080048fd   Thumb Code   118  stm32f0xx_hal_tim_ex.o(i.HAL_TIMEx_MasterConfigSynchronization)
    HAL_TIM_Base_Init                        0x08004981   Thumb Code   100  stm32f0xx_hal_tim.o(i.HAL_TIM_Base_Init)
    HAL_TIM_Base_MspInit                     0x080049e5   Thumb Code    80  stm32f0xx_hal_msp.o(i.HAL_TIM_Base_MspInit)
    HAL_TIM_ConfigClockSource                0x08004a41   Thumb Code   280  stm32f0xx_hal_tim.o(i.HAL_TIM_ConfigClockSource)
    HAL_TIM_MspPostInit                      0x08004b59   Thumb Code    84  stm32f0xx_hal_msp.o(i.HAL_TIM_MspPostInit)
    HAL_TIM_PWM_ConfigChannel                0x08004bb9   Thumb Code   266  stm32f0xx_hal_tim.o(i.HAL_TIM_PWM_ConfigChannel)
    HAL_TIM_PWM_Init                         0x08004cc3   Thumb Code   100  stm32f0xx_hal_tim.o(i.HAL_TIM_PWM_Init)
    HAL_TIM_PWM_MspInit                      0x08004d27   Thumb Code     2  stm32f0xx_hal_tim.o(i.HAL_TIM_PWM_MspInit)
    HAL_TIM_PWM_Start                        0x08004d29   Thumb Code   222  stm32f0xx_hal_tim.o(i.HAL_TIM_PWM_Start)
    HAL_TIM_PWM_Stop                         0x08004e1d   Thumb Code   186  stm32f0xx_hal_tim.o(i.HAL_TIM_PWM_Stop)
    HAL_UART_Init                            0x08004eed   Thumb Code   126  stm32f0xx_hal_uart.o(i.HAL_UART_Init)
    HAL_UART_MspInit                         0x08004f6d   Thumb Code   252  stm32f0xx_hal_msp.o(i.HAL_UART_MspInit)
    HardFault_Handler                        0x08005075   Thumb Code     4  stm32f0xx_it.o(i.HardFault_Handler)
    HeaterTemper_Error_Check                 0x08005079   Thumb Code    56  clothdryer.o(i.HeaterTemper_Error_Check)
    HumiSensor_Error_Check                   0x080050b9   Thumb Code   116  clothdryer.o(i.HumiSensor_Error_Check)
    InputCheck_Proc                          0x08005149   Thumb Code   118  clothdryer.o(i.InputCheck_Proc)
    InputKey_Proc                            0x080051e1   Thumb Code  3398  clothdryer.o(i.InputKey_Proc)
    Key_Scan                                 0x08005f3d   Thumb Code   284  mytimer.o(i.Key_Scan)
    LD1963_Init                              0x08006079   Thumb Code   116  segment.o(i.LD1963_Init)
    Led_data_set                             0x080060f1   Thumb Code    38  segment.o(i.Led_data_set)
    MakeCCITT16                              0x0800646d   Thumb Code    40  crc16.o(i.MakeCCITT16)
    MySysTick_Handler                        0x08006499   Thumb Code   138  mytimer.o(i.MySysTick_Handler)
    NMI_Handler                              0x08006541   Thumb Code     4  stm32f0xx_it.o(i.NMI_Handler)
    Optionled_on                             0x08006545   Thumb Code   234  clothdryer.o(i.Optionled_on)
    Output_Proc                              0x08006631   Thumb Code   400  clothdryer.o(i.Output_Proc)
    OverHeat_Error_Check                     0x0800684d   Thumb Code    82  clothdryer.o(i.OverHeat_Error_Check)
    PWM_Config                               0x080068b5   Thumb Code   158  buzzer.o(i.PWM_Config)
    PendSV_Handler                           0x08006965   Thumb Code     2  stm32f0xx_it.o(i.PendSV_Handler)
    Play_Buzzer                              0x08006969   Thumb Code   190  buzzer.o(i.Play_Buzzer)
    Rs485_proc                               0x08006a65   Thumb Code   454  rs485.o(i.Rs485_proc)
    SVC_Handler                              0x08006cad   Thumb Code     2  stm32f0xx_it.o(i.SVC_Handler)
    Seg_data_set                             0x08006cb1   Thumb Code    40  segment.o(i.Seg_data_set)
    SendChar                                 0x08006ce1   Thumb Code    84  debug.o(i.SendChar)
    SendChar2                                0x08006d49   Thumb Code    94  rs485.o(i.SendChar2)
    Send_LED_Data                            0x08006dc1   Thumb Code    28  segment.o(i.Send_LED_Data)
    Smoke_Error_Check                        0x08006de1   Thumb Code    70  clothdryer.o(i.Smoke_Error_Check)
    Smoke_Proc                               0x08006e3d   Thumb Code   356  clothdryer.o(i.Smoke_Proc)
    Smokeled_on                              0x08006fd1   Thumb Code   244  clothdryer.o(i.Smokeled_on)
    Spi_Send_Data                            0x080070c5   Thumb Code   156  segment.o(i.Spi_Send_Data)
    Ster_Proc                                0x08007165   Thumb Code   642  clothdryer.o(i.Ster_Proc)
    Sterled_on                               0x08007471   Thumb Code   244  clothdryer.o(i.Sterled_on)
    Stop_Proc                                0x08007565   Thumb Code    86  clothdryer.o(i.Stop_Proc)
    SysTick_Handler                          0x080075e5   Thumb Code    12  stm32f0xx_it.o(i.SysTick_Handler)
    SystemClock_Config                       0x080075f1   Thumb Code   122  main.o(i.SystemClock_Config)
    SystemInit                               0x0800766b   Thumb Code     2  system_stm32f0xx.o(i.SystemInit)
    TIM_Base_SetConfig                       0x0800766d   Thumb Code   134  stm32f0xx_hal_tim.o(i.TIM_Base_SetConfig)
    TIM_CCxChannelCmd                        0x0800770d   Thumb Code    34  stm32f0xx_hal_tim.o(i.TIM_CCxChannelCmd)
    TIM_ETR_SetConfig                        0x0800772f   Thumb Code    28  stm32f0xx_hal_tim.o(i.TIM_ETR_SetConfig)
    TIM_OC2_SetConfig                        0x08007815   Thumb Code   176  stm32f0xx_hal_tim.o(i.TIM_OC2_SetConfig)
    Temperature_Error_Check                  0x08007a75   Thumb Code    52  clothdryer.o(i.Temperature_Error_Check)
    Timer_Proc                               0x08007ab1   Thumb Code  1220  mytimer.o(i.Timer_Proc)
    UART_AdvFeatureConfig                    0x08007f75   Thumb Code   240  stm32f0xx_hal_uart.o(i.UART_AdvFeatureConfig)
    UART_CheckIdleState                      0x08008065   Thumb Code   112  stm32f0xx_hal_uart.o(i.UART_CheckIdleState)
    UART_SetConfig                           0x080080d9   Thumb Code   388  stm32f0xx_hal_uart.o(i.UART_SetConfig)
    UART_WaitOnFlagUntilTimeout              0x08008275   Thumb Code   282  stm32f0xx_hal_uart.o(i.UART_WaitOnFlagUntilTimeout)
    USART1_IRQHandler                        0x0800838f   Thumb Code     8  stm32f0xx_it.o(i.USART1_IRQHandler)
    USART1_IRQ_Function                      0x08008399   Thumb Code   216  debug.o(i.USART1_IRQ_Function)
    USART2_IRQHandler                        0x08008499   Thumb Code     8  stm32f0xx_it.o(i.USART2_IRQHandler)
    USART2_IRQ_Function                      0x080084a1   Thumb Code   266  rs485.o(i.USART2_IRQ_Function)
    UserCommand_Proc                         0x080085dd   Thumb Code   150  debug.o(i.UserCommand_Proc)
    Ventilation_Error_Check                  0x080086a9   Thumb Code    70  clothdryer.o(i.Ventilation_Error_Check)
    Waitled_on                               0x0800870d   Thumb Code   294  clothdryer.o(i.Waitled_on)
    __ARM_common_ll_muluu                    0x08008833   Thumb Code    48  stm32f0xx_hal_rcc.o(i.__ARM_common_ll_muluu)
    __ARM_common_switch8                     0x08008863   Thumb Code    28  buzzer.o(i.__ARM_common_switch8)
    __ARM_fpclassify                         0x08008881   Thumb Code    40  fpclassify.o(i.__ARM_fpclassify)
    _is_digit                                0x08008931   Thumb Code    14  __printf_wp.o(i._is_digit)
    cmd_heat                                 0x08008941   Thumb Code    48  debug.o(i.cmd_heat)
    cmd_help                                 0x08008981   Thumb Code    12  debug.o(i.cmd_help)
    cmd_humi                                 0x08008991   Thumb Code    44  debug.o(i.cmd_humi)
    cmd_humitime                             0x080089cd   Thumb Code    44  debug.o(i.cmd_humitime)
    cmd_smok                                 0x08008a09   Thumb Code    54  debug.o(i.cmd_smok)
    cmd_temp                                 0x08008a51   Thumb Code    48  debug.o(i.cmd_temp)
    cmd_test                                 0x08008a91   Thumb Code    62  debug.o(i.cmd_test)
    get_entry                                0x08008af1   Thumb Code    70  debug.o(i.get_entry)
    main                                     0x08008b39   Thumb Code   152  main.o(i.main)
    mprintf                                  0x08008c25   Thumb Code    74  debug.o(i.mprintf)
    uDelay                                   0x08008c75   Thumb Code    52  segment.o(i.uDelay)
    _get_lc_ctype                            0x08008ca9   Thumb Code    44  lc_ctype_c.o(locale$$code)
    _get_lc_numeric                          0x08008cd5   Thumb Code    44  lc_numeric_c.o(locale$$code)
    _printf_fp_dec                           0x08008d01   Thumb Code    16  printf1.o(x$fpl$printf1)
    _printf_fp_hex                           0x08008d11   Thumb Code    16  printf2.o(x$fpl$printf2)
    TempoValue                               0x08008d20   Data          16  buzzer.o(.constdata)
    __I$use$fp                               0x08008d20   Number         0  usenofp.o(x$fpl$usenofp)
    STBL_PwrConnect                          0x08008d30   Data          24  buzzer.o(.constdata)
    STBL_PwrOn                               0x08008d48   Data          12  buzzer.o(.constdata)
    STBL_PwrOff                              0x08008d54   Data          12  buzzer.o(.constdata)
    STBL_UnjunChange                         0x08008d60   Data           8  buzzer.o(.constdata)
    STBL_SwitchOn                            0x08008d68   Data          24  buzzer.o(.constdata)
    STBL_SwitchOff                           0x08008d80   Data          24  buzzer.o(.constdata)
    STBL_Not                                 0x08008d98   Data          12  buzzer.o(.constdata)
    STBL_End                                 0x08008da4   Data          16  buzzer.o(.constdata)
    STBL_Button                              0x08008db4   Data           4  buzzer.o(.constdata)
    STBL_LockEn                              0x08008db8   Data           8  buzzer.o(.constdata)
    STBL_LockDis                             0x08008dc0   Data           8  buzzer.o(.constdata)
    STBL_Melody                              0x08008dc8   Data         196  buzzer.o(.constdata)
    CrcCcittTable                            0x08008e8c   Data         512  crc16.o(.constdata)
    help                                     0x0800908c   Data         376  debug.o(.constdata)
    cmd                                      0x08009204   Data         112  debug.o(.constdata)
    digit                                    0x08009274   Data         116  segment.o(.constdata)
    AHBPrescTable                            0x080092e8   Data          16  system_stm32f0xx.o(.constdata)
    APBPrescTable                            0x080092f8   Data           8  system_stm32f0xx.o(.constdata)
    Region$$Table$$Base                      0x080093fc   Number         0  anon$$obj.o(Region$$Table)
    Region$$Table$$Limit                     0x0800941c   Number         0  anon$$obj.o(Region$$Table)
    __ctype                                  0x08009429   Data           0  lc_ctype_c.o(locale$$data)
    flg_toggle                               0x20000000   Data           1  mytimer.o(.data)
    flg_toggle_500ms                         0x20000001   Data           1  mytimer.o(.data)
    flg_toggle_5sec                          0x20000002   Data           1  mytimer.o(.data)
    flg_485_excute                           0x20000003   Data           1  mytimer.o(.data)
    flg_oper_time_save                       0x20000004   Data           1  mytimer.o(.data)
    callback_1ms                             0x20000005   Data           1  mytimer.o(.data)
    callback_10ms                            0x20000006   Data           1  mytimer.o(.data)
    callback_100ms                           0x20000007   Data           1  mytimer.o(.data)
    callback_500ms                           0x20000008   Data           1  mytimer.o(.data)
    callback_1min                            0x20000009   Data           1  mytimer.o(.data)
    callback_30ms                            0x2000000a   Data           1  mytimer.o(.data)
    menu_key                                 0x2000000b   Data           7  mytimer.o(.data)
    key_pushed                               0x20000012   Data           7  mytimer.o(.data)
    key_continued                            0x20000019   Data           7  mytimer.o(.data)
    key_idx                                  0x20000020   Data           1  mytimer.o(.data)
    key_cont_count                           0x20000021   Data           7  mytimer.o(.data)
    test_digit                               0x20000028   Data           1  mytimer.o(.data)
    on_delay                                 0x2000002c   Data           2  buzzer.o(.data)
    off_delay                                0x2000002e   Data           2  buzzer.o(.data)
    bs_num                                   0x20000030   Data           1  buzzer.o(.data)
    buzzer_kind                              0x20000031   Data           1  buzzer.o(.data)
    beep_timeout                             0x20000032   Data           2  buzzer.o(.data)
    beep_num                                 0x20000034   Data           1  buzzer.o(.data)
    psound_data                              0x20000038   Data           4  buzzer.o(.data)
    sound_size                               0x2000003c   Data           2  buzzer.o(.data)
    flg_debug_test                           0x2000003e   Data           1  debug.o(.data)
    flg_smoke_state                          0x2000003f   Data           1  debug.o(.data)
    urx1_comp                                0x20000040   Data           1  debug.o(.data)
    tx1_restart                              0x20000041   Data           1  debug.o(.data)
    urx1_count                               0x20000042   Data           2  debug.o(.data)
    p1_out                                   0x20000044   Data           2  debug.o(.data)
    p1_in                                    0x20000046   Data           2  debug.o(.data)
    urx1_tout                                0x20000048   Data           2  debug.o(.data)
    flg_getline_comp                         0x2000004a   Data           1  debug.o(.data)
    test_temper                              0x2000004b   Data           1  debug.o(.data)
    test_heatertemp                          0x2000004c   Data           2  debug.o(.data)
    test_humi                                0x2000004e   Data           1  debug.o(.data)
    flg_485_send                             0x20000050   Data           1  rs485.o(.data)
    urx2_comp                                0x20000051   Data           1  rs485.o(.data)
    flg_rs485_error                          0x20000052   Data           1  rs485.o(.data)
    comm_init_ok                             0x20000053   Data           1  rs485.o(.data)
    tx2_restart                              0x20000054   Data           1  rs485.o(.data)
    urx2_count                               0x20000056   Data           2  rs485.o(.data)
    p2_out                                   0x20000058   Data           2  rs485.o(.data)
    p2_in                                    0x2000005a   Data           2  rs485.o(.data)
    urx2_tout                                0x2000005c   Data           2  rs485.o(.data)
    comm_send_count                          0x2000005e   Data           1  rs485.o(.data)
    comm_init_count                          0x2000005f   Data           1  rs485.o(.data)
    COMM_CIRFAN_ON                           0x20000060   Data           1  clothdryer.o(.data)
    COMM_VENTILFAN_ON                        0x20000061   Data           1  clothdryer.o(.data)
    COMM_HEATER_ON                           0x20000062   Data           1  clothdryer.o(.data)
    COMM_DUCT                                0x20000063   Data           1  clothdryer.o(.data)
    COMM_AC220_SPARE1                        0x20000064   Data           1  clothdryer.o(.data)
    COMM_UVLAMP_ON                           0x20000065   Data           1  clothdryer.o(.data)
    COMM_LEDLAMP_ON                          0x20000066   Data           1  clothdryer.o(.data)
    COMM_SMOKE_HEATER_ON                     0x20000067   Data           1  clothdryer.o(.data)
    COMM_SMOKE_PUMP_ON                       0x20000068   Data           1  clothdryer.o(.data)
    COMM_SPEED_CIRCULA                       0x20000069   Data           1  clothdryer.o(.data)
    COMM_SPEED_VENTILATION                   0x2000006a   Data           1  clothdryer.o(.data)
    COMM_DOOR_SW                             0x2000006b   Data           1  clothdryer.o(.data)
    COMM_AIRPRESURE_SW                       0x2000006c   Data           1  clothdryer.o(.data)
    COMM_SMOKE_HEATEROUT_STATE               0x2000006d   Data           1  clothdryer.o(.data)
    COMM_EXT_TEMP                            0x2000006e   Data           1  clothdryer.o(.data)
    COMM_HEATER_TEMP                         0x20000070   Data           2  clothdryer.o(.data)
    COMM_EXT_HUMI                            0x20000072   Data           1  clothdryer.o(.data)
    disp_toggle                              0x20000073   Data           1  clothdryer.o(.data)
    temper_open_error                        0x20000074   Data           1  clothdryer.o(.data)
    flg_key_start                            0x20000075   Data           1  clothdryer.o(.data)
    flg_temperchk                            0x20000076   Data           1  clothdryer.o(.data)
    flg_airpresurechk                        0x20000077   Data           1  clothdryer.o(.data)
    flg_temptime_sel                         0x20000078   Data           1  clothdryer.o(.data)
    flg_e2p_save                             0x20000079   Data           1  clothdryer.o(.data)
    flg_set_temp_key                         0x2000007a   Data           1  clothdryer.o(.data)
    flg_set_humi_key                         0x2000007b   Data           1  clothdryer.o(.data)
    flg_temper_open_check                    0x2000007c   Data           1  clothdryer.o(.data)
    flg_cwd                                  0x2000007d   Data           1  clothdryer.o(.data)
    flg_cirfan_out                           0x2000007e   Data           1  clothdryer.o(.data)
    flg_ventilfan_out                        0x2000007f   Data           1  clothdryer.o(.data)
    flg_heater_out                           0x20000080   Data           1  clothdryer.o(.data)
    flg_duct_out                             0x20000081   Data           1  clothdryer.o(.data)
    flg_uvlamp_out                           0x20000082   Data           1  clothdryer.o(.data)
    flg_smoke_heater_out                     0x20000083   Data           1  clothdryer.o(.data)
    flg_smoke_pump_out                       0x20000084   Data           1  clothdryer.o(.data)
    flg_dry_running                          0x20000085   Data           1  clothdryer.o(.data)
    flg_smoke_select                         0x20000086   Data           1  clothdryer.o(.data)
    flg_goal_temp_ok                         0x20000087   Data           1  clothdryer.o(.data)
    flg_heater_onoff                         0x20000088   Data           1  clothdryer.o(.data)
    flg_airpresure_in                        0x20000089   Data           1  clothdryer.o(.data)
    flg_hsen_error                           0x2000008a   Data           1  clothdryer.o(.data)
    flg_check_humi_start                     0x2000008b   Data           1  clothdryer.o(.data)
    flg_check_humi_first                     0x2000008c   Data           1  clothdryer.o(.data)
    flg_check_ster_first                     0x2000008d   Data           1  clothdryer.o(.data)
    flg_first_door_open                      0x2000008e   Data           1  clothdryer.o(.data)
    flg_circula_fan_backup                   0x2000008f   Data           1  clothdryer.o(.data)
    flg_option_start                         0x20000090   Data           1  clothdryer.o(.data)
    flg_cont_proc                            0x20000091   Data           1  clothdryer.o(.data)
    before_status                            0x20000092   Data           1  clothdryer.o(.data)
    flg_errscan                              0x20000093   Data           1  clothdryer.o(.data)
    flg_err_first                            0x20000094   Data           1  clothdryer.o(.data)
    flg_cirtimeout_first                     0x20000095   Data           1  clothdryer.o(.data)
    flg_heater_checktimeout_first            0x20000096   Data           1  clothdryer.o(.data)
    flg_smokeheater_timeout_first            0x20000097   Data           1  clothdryer.o(.data)
    flg_liquid_timeout_first                 0x20000098   Data           1  clothdryer.o(.data)
    flg_airpresure_timeout_first             0x20000099   Data           1  clothdryer.o(.data)
    flg_heater_runrate_first                 0x2000009a   Data           1  clothdryer.o(.data)
    flg_heatertemp_check_first               0x2000009b   Data           1  clothdryer.o(.data)
    flg_reserve                              0x2000009c   Data           1  clothdryer.o(.data)
    flg_coolling                             0x2000009d   Data           1  clothdryer.o(.data)
    flg_coolled_amulating                    0x2000009e   Data           1  clothdryer.o(.data)
    key_timeout                              0x2000009f   Data           1  clothdryer.o(.data)
    opt_num                                  0x200000a0   Data           1  clothdryer.o(.data)
    optkey_timeout                           0x200000a1   Data           1  clothdryer.o(.data)
    circula_fan_speed_level                  0x200000a2   Data           1  clothdryer.o(.data)
    ventilation_fan_speed_level              0x200000a3   Data           1  clothdryer.o(.data)
    circula_fan_off_timeout                  0x200000a4   Data           1  clothdryer.o(.data)
    circula_fan_speed_backup                 0x200000a5   Data           1  clothdryer.o(.data)
    temper_timeout                           0x200000a6   Data           1  clothdryer.o(.data)
    airpresure_timeout                       0x200000a7   Data           1  clothdryer.o(.data)
    bldcdelay_timeout                        0x200000a8   Data           1  clothdryer.o(.data)
    error_code                               0x200000aa   Data           2  clothdryer.o(.data)
    err_mask                                 0x200000ac   Data           2  clothdryer.o(.data)
    op_mode                                  0x200000ae   Data           1  clothdryer.o(.data)
    op_kind                                  0x200000af   Data           1  clothdryer.o(.data)
    disp_mode                                0x200000b0   Data           1  clothdryer.o(.data)
    prev_dispmode                            0x200000b1   Data           1  clothdryer.o(.data)
    prev_mode                                0x200000b2   Data           1  clothdryer.o(.data)
    disp_subnum                              0x200000b3   Data           1  clothdryer.o(.data)
    buzzer_play_timeout                      0x200000b4   Data           1  clothdryer.o(.data)
    keycont_timeout                          0x200000b5   Data           1  clothdryer.o(.data)
    e2p_save_time                            0x200000b6   Data           1  clothdryer.o(.data)
    disp_timeout                             0x200000b7   Data           1  clothdryer.o(.data)
    humi_check_timeout                       0x200000b8   Data           2  clothdryer.o(.data)
    compare_check_humi                       0x200000ba   Data           1  clothdryer.o(.data)
    humi_remain_time                         0x200000bb   Data           1  clothdryer.o(.data)
    oper_step                                0x200000bc   Data           1  clothdryer.o(.data)
    smoke_step                               0x200000bd   Data           1  clothdryer.o(.data)
    cool_step                                0x200000be   Data           1  clothdryer.o(.data)
    oper_timeout                             0x200000c0   Data           2  clothdryer.o(.data)
    oper_total_timeout                       0x200000c2   Data           2  clothdryer.o(.data)
    ster_run_timeout                         0x200000c4   Data           2  clothdryer.o(.data)
    smoke_run_timeout                        0x200000c6   Data           2  clothdryer.o(.data)
    error_timeout                            0x200000c8   Data           1  clothdryer.o(.data)
    cycle_count                              0x200000c9   Data           1  clothdryer.o(.data)
    sensor_check_timeout                     0x200000ca   Data           1  clothdryer.o(.data)
    cir_err_timeout                          0x200000cc   Data           2  clothdryer.o(.data)
    heater_err_timeout                       0x200000ce   Data           2  clothdryer.o(.data)
    smokeheater_err_timeout                  0x200000d0   Data           2  clothdryer.o(.data)
    liquidout_err_timeout                    0x200000d2   Data           2  clothdryer.o(.data)
    airpresure_err_timeout                   0x200000d4   Data           2  clothdryer.o(.data)
    airpresure_chk_timeout                   0x200000d6   Data           2  clothdryer.o(.data)
    heater_running_time                      0x200000d8   Data           2  clothdryer.o(.data)
    heater_run_total_time                    0x200000da   Data           2  clothdryer.o(.data)
    heatertemp_check_timeout                 0x200000dc   Data           2  clothdryer.o(.data)
    prev_heater_temper                       0x200000de   Data           2  clothdryer.o(.data)
    coolling_timeout                         0x200000e0   Data           2  clothdryer.o(.data)
    prev_cooling_temper                      0x200000e2   Data           2  clothdryer.o(.data)
    reserve_clock                            0x200000e4   Data           4  clothdryer.o(.data)
    reserve_hour                             0x200000e8   Data           1  clothdryer.o(.data)
    reserve_minute                           0x200000e9   Data           1  clothdryer.o(.data)
    reserve_timeout                          0x200000ea   Data           1  clothdryer.o(.data)
    oper_remain_time                         0x200000ec   Data           2  clothdryer.o(.data)
    coolled_timeout                          0x200000ee   Data           1  clothdryer.o(.data)
    coolled_step                             0x200000ef   Data           1  clothdryer.o(.data)
    humi_err_timeout                         0x200000f0   Data           2  clothdryer.o(.data)
    playend_count                            0x200000f2   Data           1  clothdryer.o(.data)
    flg_dryend                               0x200000f3   Data           1  clothdryer.o(.data)
    Start_Address                            0x200000f4   Data           4  flashrom.o(.data)
    offset_data                              0x200000f8   Data           4  flashrom.o(.data)
    offset_var                               0x200000fc   Data           4  flashrom.o(.data)
    p_data                                   0x20000100   Data           4  flashrom.o(.data)
    uwTick                                   0x20000104   Data           4  stm32f0xx_hal.o(.data)
    uwTickPrio                               0x20000108   Data           4  stm32f0xx_hal.o(.data)
    uwTickFreq                               0x2000010c   Data           1  stm32f0xx_hal.o(.data)
    SystemCoreClock                          0x20000110   Data           4  system_stm32f0xx.o(.data)
    keyin_buf                                0x20000114   Data          21  mytimer.o(.bss)
    urx1_buf                                 0x20000129   Data          32  debug.o(.bss)
    utx1_buf                                 0x20000149   Data         128  debug.o(.bss)
    utx1_tmp                                 0x200001c9   Data         128  debug.o(.bss)
    in_line                                  0x20000249   Data          32  debug.o(.bss)
    hexStr                                   0x20000269   Data          32  debug.o(.bss)
    urx2_buf                                 0x20000289   Data          32  rs485.o(.bss)
    utx2_buf                                 0x200002a9   Data          32  rs485.o(.bss)
    utx2_tmp                                 0x200002c9   Data          32  rs485.o(.bss)
    utx2_send                                0x200002e9   Data          32  rs485.o(.bss)
    Flashdatarec                             0x2000030c   Data          24  flashrom.o(.bss)
    leddata                                  0x20000324   Data          10  segment.o(.bss)
    htim1                                    0x20000330   Data          72  main.o(.bss)
    htim17                                   0x20000378   Data          72  main.o(.bss)
    huart1                                   0x200003c0   Data         132  main.o(.bss)
    huart2                                   0x20000444   Data         132  main.o(.bss)
    pFlash                                   0x200004c8   Data          32  stm32f0xx_hal_flash.o(.bss)
    __libspace_start                         0x200004e8   Data          96  libspace.o(.bss)
    __temporary_stack_top$libspace           0x20000548   Data           0  libspace.o(.bss)



==============================================================================

Memory Map of the image

  Image Entry point : 0x080000b5

  Load Region LR_IROM1 (Base: 0x08000000, Size: 0x0000965c, Max: 0x00010000, ABSOLUTE)

    Execution Region ER_IROM1 (Exec base: 0x08000000, Load base: 0x08000000, Size: 0x00009548, Max: 0x00010000, ABSOLUTE)

    Exec Addr    Load Addr    Size         Type   Attr      Idx    E Section Name        Object

    0x08000000   0x08000000   0x000000b4   Data   RO         4977    RESET               startup_stm32f030x8.o
    0x080000b4   0x080000b4   0x00000008   Code   RO         5089  * !!!main             c_p.l(__main.o)
    0x080000bc   0x080000bc   0x0000003c   Code   RO         5419    !!!scatter          c_p.l(__scatter.o)
    0x080000f8   0x080000f8   0x0000001a   Code   RO         5421    !!handler_copy      c_p.l(__scatter_copy.o)
    0x08000112   0x08000112   0x00000002   PAD
    0x08000114   0x08000114   0x0000001c   Code   RO         5423    !!handler_zi        c_p.l(__scatter_zi.o)
    0x08000130   0x08000130   0x00000002   Code   RO         5188    .ARM.Collect$$_printf_percent$$00000000  c_p.l(_printf_percent.o)
    0x08000132   0x08000132   0x0000000a   Code   RO         5177    .ARM.Collect$$_printf_percent$$00000001  c_p.l(_printf_n.o)
    0x0800013c   0x0800013c   0x0000000a   Code   RO         5179    .ARM.Collect$$_printf_percent$$00000002  c_p.l(_printf_p.o)
    0x08000146   0x08000146   0x0000000a   Code   RO         5184    .ARM.Collect$$_printf_percent$$00000003  c_p.l(_printf_f.o)
    0x08000150   0x08000150   0x0000000a   Code   RO         5185    .ARM.Collect$$_printf_percent$$00000004  c_p.l(_printf_e.o)
    0x0800015a   0x0800015a   0x0000000a   Code   RO         5186    .ARM.Collect$$_printf_percent$$00000005  c_p.l(_printf_g.o)
    0x08000164   0x08000164   0x0000000a   Code   RO         5187    .ARM.Collect$$_printf_percent$$00000006  c_p.l(_printf_a.o)
    0x0800016e   0x0800016e   0x0000000a   Code   RO         5192    .ARM.Collect$$_printf_percent$$00000007  c_p.l(_printf_ll.o)
    0x08000178   0x08000178   0x0000000a   Code   RO         5181    .ARM.Collect$$_printf_percent$$00000008  c_p.l(_printf_i.o)
    0x08000182   0x08000182   0x0000000a   Code   RO         5182    .ARM.Collect$$_printf_percent$$00000009  c_p.l(_printf_d.o)
    0x0800018c   0x0800018c   0x0000000a   Code   RO         5183    .ARM.Collect$$_printf_percent$$0000000A  c_p.l(_printf_u.o)
    0x08000196   0x08000196   0x0000000a   Code   RO         5180    .ARM.Collect$$_printf_percent$$0000000B  c_p.l(_printf_o.o)
    0x080001a0   0x080001a0   0x0000000a   Code   RO         5178    .ARM.Collect$$_printf_percent$$0000000C  c_p.l(_printf_x.o)
    0x080001aa   0x080001aa   0x0000000a   Code   RO         5189    .ARM.Collect$$_printf_percent$$0000000D  c_p.l(_printf_lli.o)
    0x080001b4   0x080001b4   0x0000000a   Code   RO         5190    .ARM.Collect$$_printf_percent$$0000000E  c_p.l(_printf_lld.o)
    0x080001be   0x080001be   0x0000000a   Code   RO         5191    .ARM.Collect$$_printf_percent$$0000000F  c_p.l(_printf_llu.o)
    0x080001c8   0x080001c8   0x0000000a   Code   RO         5196    .ARM.Collect$$_printf_percent$$00000010  c_p.l(_printf_llo.o)
    0x080001d2   0x080001d2   0x0000000a   Code   RO         5197    .ARM.Collect$$_printf_percent$$00000011  c_p.l(_printf_llx.o)
    0x080001dc   0x080001dc   0x0000000a   Code   RO         5193    .ARM.Collect$$_printf_percent$$00000012  c_p.l(_printf_l.o)
    0x080001e6   0x080001e6   0x0000000a   Code   RO         5175    .ARM.Collect$$_printf_percent$$00000013  c_p.l(_printf_c.o)
    0x080001f0   0x080001f0   0x0000000a   Code   RO         5176    .ARM.Collect$$_printf_percent$$00000014  c_p.l(_printf_s.o)
    0x080001fa   0x080001fa   0x0000000a   Code   RO         5194    .ARM.Collect$$_printf_percent$$00000015  c_p.l(_printf_lc.o)
    0x08000204   0x08000204   0x0000000a   Code   RO         5195    .ARM.Collect$$_printf_percent$$00000016  c_p.l(_printf_ls.o)
    0x0800020e   0x0800020e   0x00000004   Code   RO         5248    .ARM.Collect$$_printf_percent$$00000017  c_p.l(_printf_percent_end.o)
    0x08000212   0x08000212   0x00000002   Code   RO         5284    .ARM.Collect$$libinit$$00000000  c_p.l(libinit.o)
    0x08000214   0x08000214   0x00000000   Code   RO         5286    .ARM.Collect$$libinit$$00000002  c_p.l(libinit2.o)
    0x08000214   0x08000214   0x00000000   Code   RO         5288    .ARM.Collect$$libinit$$00000004  c_p.l(libinit2.o)
    0x08000214   0x08000214   0x00000000   Code   RO         5291    .ARM.Collect$$libinit$$0000000A  c_p.l(libinit2.o)
    0x08000214   0x08000214   0x00000000   Code   RO         5293    .ARM.Collect$$libinit$$0000000C  c_p.l(libinit2.o)
    0x08000214   0x08000214   0x00000000   Code   RO         5295    .ARM.Collect$$libinit$$0000000E  c_p.l(libinit2.o)
    0x08000214   0x08000214   0x00000006   Code   RO         5296    .ARM.Collect$$libinit$$0000000F  c_p.l(libinit2.o)
    0x0800021a   0x0800021a   0x00000000   Code   RO         5298    .ARM.Collect$$libinit$$00000011  c_p.l(libinit2.o)
    0x0800021a   0x0800021a   0x0000000c   Code   RO         5299    .ARM.Collect$$libinit$$00000012  c_p.l(libinit2.o)
    0x08000226   0x08000226   0x00000000   Code   RO         5300    .ARM.Collect$$libinit$$00000013  c_p.l(libinit2.o)
    0x08000226   0x08000226   0x00000000   Code   RO         5302    .ARM.Collect$$libinit$$00000015  c_p.l(libinit2.o)
    0x08000226   0x08000226   0x0000000a   Code   RO         5303    .ARM.Collect$$libinit$$00000016  c_p.l(libinit2.o)
    0x08000230   0x08000230   0x00000000   Code   RO         5304    .ARM.Collect$$libinit$$00000017  c_p.l(libinit2.o)
    0x08000230   0x08000230   0x00000000   Code   RO         5306    .ARM.Collect$$libinit$$00000019  c_p.l(libinit2.o)
    0x08000230   0x08000230   0x00000000   Code   RO         5308    .ARM.Collect$$libinit$$0000001B  c_p.l(libinit2.o)
    0x08000230   0x08000230   0x00000000   Code   RO         5310    .ARM.Collect$$libinit$$0000001D  c_p.l(libinit2.o)
    0x08000230   0x08000230   0x00000000   Code   RO         5312    .ARM.Collect$$libinit$$0000001F  c_p.l(libinit2.o)
    0x08000230   0x08000230   0x00000000   Code   RO         5314    .ARM.Collect$$libinit$$00000021  c_p.l(libinit2.o)
    0x08000230   0x08000230   0x00000000   Code   RO         5316    .ARM.Collect$$libinit$$00000023  c_p.l(libinit2.o)
    0x08000230   0x08000230   0x00000000   Code   RO         5318    .ARM.Collect$$libinit$$00000025  c_p.l(libinit2.o)
    0x08000230   0x08000230   0x00000000   Code   RO         5322    .ARM.Collect$$libinit$$0000002C  c_p.l(libinit2.o)
    0x08000230   0x08000230   0x00000000   Code   RO         5324    .ARM.Collect$$libinit$$0000002E  c_p.l(libinit2.o)
    0x08000230   0x08000230   0x00000000   Code   RO         5326    .ARM.Collect$$libinit$$00000030  c_p.l(libinit2.o)
    0x08000230   0x08000230   0x00000000   Code   RO         5328    .ARM.Collect$$libinit$$00000032  c_p.l(libinit2.o)
    0x08000230   0x08000230   0x00000002   Code   RO         5329    .ARM.Collect$$libinit$$00000033  c_p.l(libinit2.o)
    0x08000232   0x08000232   0x00000002   Code   RO         5382    .ARM.Collect$$libshutdown$$00000000  c_p.l(libshutdown.o)
    0x08000234   0x08000234   0x00000000   Code   RO         5400    .ARM.Collect$$libshutdown$$00000002  c_p.l(libshutdown2.o)
    0x08000234   0x08000234   0x00000000   Code   RO         5402    .ARM.Collect$$libshutdown$$00000004  c_p.l(libshutdown2.o)
    0x08000234   0x08000234   0x00000000   Code   RO         5404    .ARM.Collect$$libshutdown$$00000006  c_p.l(libshutdown2.o)
    0x08000234   0x08000234   0x00000000   Code   RO         5407    .ARM.Collect$$libshutdown$$00000009  c_p.l(libshutdown2.o)
    0x08000234   0x08000234   0x00000000   Code   RO         5410    .ARM.Collect$$libshutdown$$0000000C  c_p.l(libshutdown2.o)
    0x08000234   0x08000234   0x00000000   Code   RO         5412    .ARM.Collect$$libshutdown$$0000000E  c_p.l(libshutdown2.o)
    0x08000234   0x08000234   0x00000000   Code   RO         5415    .ARM.Collect$$libshutdown$$00000011  c_p.l(libshutdown2.o)
    0x08000234   0x08000234   0x00000002   Code   RO         5416    .ARM.Collect$$libshutdown$$00000012  c_p.l(libshutdown2.o)
    0x08000236   0x08000236   0x00000000   Code   RO         5091    .ARM.Collect$$rtentry$$00000000  c_p.l(__rtentry.o)
    0x08000236   0x08000236   0x00000000   Code   RO         5212    .ARM.Collect$$rtentry$$00000002  c_p.l(__rtentry2.o)
    0x08000236   0x08000236   0x00000006   Code   RO         5224    .ARM.Collect$$rtentry$$00000004  c_p.l(__rtentry4.o)
    0x0800023c   0x0800023c   0x00000000   Code   RO         5214    .ARM.Collect$$rtentry$$00000009  c_p.l(__rtentry2.o)
    0x0800023c   0x0800023c   0x00000004   Code   RO         5215    .ARM.Collect$$rtentry$$0000000A  c_p.l(__rtentry2.o)
    0x08000240   0x08000240   0x00000000   Code   RO         5217    .ARM.Collect$$rtentry$$0000000C  c_p.l(__rtentry2.o)
    0x08000240   0x08000240   0x00000008   Code   RO         5218    .ARM.Collect$$rtentry$$0000000D  c_p.l(__rtentry2.o)
    0x08000248   0x08000248   0x00000002   Code   RO         5336    .ARM.Collect$$rtexit$$00000000  c_p.l(rtexit.o)
    0x0800024a   0x0800024a   0x00000000   Code   RO         5351    .ARM.Collect$$rtexit$$00000002  c_p.l(rtexit2.o)
    0x0800024a   0x0800024a   0x00000004   Code   RO         5352    .ARM.Collect$$rtexit$$00000003  c_p.l(rtexit2.o)
    0x0800024e   0x0800024e   0x00000006   Code   RO         5353    .ARM.Collect$$rtexit$$00000004  c_p.l(rtexit2.o)
    0x08000254   0x08000254   0x00000038   Code   RO         4978    .text               startup_stm32f030x8.o
    0x0800028c   0x0800028c   0x00000022   Code   RO         5067    .text               c_p.l(llushr.o)
    0x080002ae   0x080002ae   0x00000102   Code   RO         5069    .text               c_p.l(lludiv.o)
    0x080003b0   0x080003b0   0x0000001e   Code   RO         5071    .text               c_p.l(toupper.o)
    0x080003ce   0x080003ce   0x00000002   PAD
    0x080003d0   0x080003d0   0x00000024   Code   RO         5073    .text               c_p.l(vsprintf.o)
    0x080003f4   0x080003f4   0x0000001a   Code   RO         5075    .text               c_p.l(atoi.o)
    0x0800040e   0x0800040e   0x00000002   PAD
    0x08000410   0x08000410   0x0000004c   Code   RO         5077    .text               c_p.l(strcpy.o)
    0x0800045c   0x0800045c   0x00000040   Code   RO         5079    .text               c_p.l(rt_memclr.o)
    0x0800049c   0x0800049c   0x00000088   Code   RO         5081    .text               c_p.l(strcmp.o)
    0x08000524   0x08000524   0x0000015a   Code   RO         5083    .text               c_p.l(aeabi_sdiv.o)
    0x0800067e   0x0800067e   0x00000006   Code   RO         5087    .text               c_p.l(heapauxi.o)
    0x08000684   0x08000684   0x00000010   Code   RO         5092    .text               c_p.l(rt_ctype_table.o)
    0x08000694   0x08000694   0x00000008   Code   RO         5105    .text               c_p.l(rt_errno_addr_intlibspace.o)
    0x0800069c   0x0800069c   0x0000004e   Code   RO         5109    .text               c_p.l(_printf_pad.o)
    0x080006ea   0x080006ea   0x00000024   Code   RO         5111    .text               c_p.l(_printf_truncate.o)
    0x0800070e   0x0800070e   0x00000052   Code   RO         5113    .text               c_p.l(_printf_str.o)
    0x08000760   0x08000760   0x0000006c   Code   RO         5115    .text               c_p.l(_printf_dec.o)
    0x080007cc   0x080007cc   0x00000026   Code   RO         5117    .text               c_p.l(_printf_charcount.o)
    0x080007f2   0x080007f2   0x00000002   PAD
    0x080007f4   0x080007f4   0x00000030   Code   RO         5119    .text               c_p.l(_printf_char_common.o)
    0x08000824   0x08000824   0x0000000a   Code   RO         5121    .text               c_p.l(_sputc.o)
    0x0800082e   0x0800082e   0x00000002   PAD
    0x08000830   0x08000830   0x000000bc   Code   RO         5123    .text               c_p.l(_printf_wctomb.o)
    0x080008ec   0x080008ec   0x00000070   Code   RO         5126    .text               c_p.l(_printf_longlong_dec.o)
    0x0800095c   0x0800095c   0x00000070   Code   RO         5132    .text               c_p.l(_printf_oct_int_ll.o)
    0x080009cc   0x080009cc   0x00000098   Code   RO         5152    .text               c_p.l(_printf_hex_int_ll_ptr.o)
    0x08000a64   0x08000a64   0x00000188   Code   RO         5172    .text               c_p.l(__printf_flags_ss_wp.o)
    0x08000bec   0x08000bec   0x00000070   Code   RO         5198    .text               c_p.l(strtol.o)
    0x08000c5c   0x08000c5c   0x00000008   Code   RO         5208    .text               c_p.l(libspace.o)
    0x08000c64   0x08000c64   0x00000008   Code   RO         5231    .text               c_p.l(rt_locale_intlibspace.o)
    0x08000c6c   0x08000c6c   0x0000007a   Code   RO         5233    .text               c_p.l(lludiv10.o)
    0x08000ce6   0x08000ce6   0x000000b0   Code   RO         5235    .text               c_p.l(_printf_intcommon.o)
    0x08000d96   0x08000d96   0x00000002   PAD
    0x08000d98   0x08000d98   0x00000418   Code   RO         5237    .text               c_p.l(_printf_fp_dec.o)
    0x080011b0   0x080011b0   0x000002d8   Code   RO         5239    .text               c_p.l(_printf_fp_hex.o)
    0x08001488   0x08001488   0x0000002e   Code   RO         5244    .text               c_p.l(_printf_char.o)
    0x080014b6   0x080014b6   0x0000002e   Code   RO         5246    .text               c_p.l(_printf_wchar.o)
    0x080014e4   0x080014e4   0x000000a6   Code   RO         5249    .text               c_p.l(_strtoul.o)
    0x0800158a   0x0800158a   0x00000040   Code   RO         5251    .text               c_p.l(_wcrtomb.o)
    0x080015ca   0x080015ca   0x00000028   Code   RO         5256    .text               c_p.l(rtudiv10.o)
    0x080015f2   0x080015f2   0x0000003e   Code   RO         5258    .text               c_p.l(sys_stackheap_outer.o)
    0x08001630   0x08001630   0x00000088   Code   RO         5261    .text               c_p.l(_printf_fp_infnan.o)
    0x080016b8   0x080016b8   0x0000001e   Code   RO         5263    .text               c_p.l(_chval.o)
    0x080016d6   0x080016d6   0x00000002   PAD
    0x080016d8   0x080016d8   0x000000d8   Code   RO         5265    .text               c_p.l(bigflt0.o)
    0x080017b0   0x080017b0   0x00000580   Code   RO         5268    .text               c_p.l(btod.o)
    0x08001d30   0x08001d30   0x00000010   Code   RO         5273    .text               c_p.l(exit.o)
    0x08001d40   0x08001d40   0x0000000c   Code   RO         5348    .text               c_p.l(sys_exit.o)
    0x08001d4c   0x08001d4c   0x00000002   Code   RO         5369    .text               c_p.l(use_no_semi.o)
    0x08001d4e   0x08001d4e   0x00000000   Code   RO         5371    .text               c_p.l(indicate_semi.o)
    0x08001d4e   0x08001d4e   0x00000002   PAD
    0x08001d50   0x08001d50   0x000003cc   Code   RO          401    i.Auto_Proc         clothdryer.o
    0x0800211c   0x0800211c   0x000000f4   Code   RO          402    i.Autoled_on        clothdryer.o
    0x08002210   0x08002210   0x000000f8   Code   RO          159    i.Buzzer_Sequence   buzzer.o
    0x08002308   0x08002308   0x00000020   Code   RO          160    i.Buzzer_Stop       buzzer.o
    0x08002328   0x08002328   0x00000070   Code   RO          403    i.Calculate_Humi    clothdryer.o
    0x08002398   0x08002398   0x000000a8   Code   RO          404    i.Circula_Error_Check  clothdryer.o
    0x08002440   0x08002440   0x000000c8   Code   RO          405    i.Cloth_Dryer_Proc  clothdryer.o
    0x08002508   0x08002508   0x00000148   Code   RO          406    i.Cooling_Proc      clothdryer.o
    0x08002650   0x08002650   0x00000018   Code   RO          228    i.Debug_proc        debug.o
    0x08002668   0x08002668   0x00000330   Code   RO          407    i.Disp_Coollingled  clothdryer.o
    0x08002998   0x08002998   0x0000025c   Code   RO          408    i.Disp_ErrCode      clothdryer.o
    0x08002bf4   0x08002bf4   0x00000104   Code   RO          409    i.Disp_HighTemp_Seg  clothdryer.o
    0x08002cf8   0x08002cf8   0x00000052   Code   RO          410    i.Disp_Humi_Seg     clothdryer.o
    0x08002d4a   0x08002d4a   0x00000002   PAD
    0x08002d4c   0x08002d4c   0x000001f4   Code   RO          411    i.Disp_Option       clothdryer.o
    0x08002f40   0x08002f40   0x000003f8   Code   RO          412    i.Disp_Segment      clothdryer.o
    0x08003338   0x08003338   0x00000080   Code   RO          413    i.Disp_Temp_Seg     clothdryer.o
    0x080033b8   0x080033b8   0x0000002e   Code   RO          414    i.Disp_Time_Seg     clothdryer.o
    0x080033e6   0x080033e6   0x0000002c   Code   RO          415    i.Disp_Version      clothdryer.o
    0x08003412   0x08003412   0x00000002   PAD
    0x08003414   0x08003414   0x0000002c   Code   RO          416    i.Error_Check_Proc  clothdryer.o
    0x08003440   0x08003440   0x00000006   Code   RO          721    i.Error_Handler     main.o
    0x08003446   0x08003446   0x00000002   PAD
    0x08003448   0x08003448   0x00000030   Code   RO          417    i.Error_Recovery_Proc  clothdryer.o
    0x08003478   0x08003478   0x00000028   Code   RO         1501    i.FLASH_MassErase   stm32f0xx_hal_flash_ex.o
    0x080034a0   0x080034a0   0x0000002c   Code   RO         1510    i.FLASH_PageErase   stm32f0xx_hal_flash_ex.o
    0x080034cc   0x080034cc   0x00000020   Code   RO         1402    i.FLASH_Program_HalfWord  stm32f0xx_hal_flash.o
    0x080034ec   0x080034ec   0x00000048   Code   RO         1403    i.FLASH_SetErrorCode  stm32f0xx_hal_flash.o
    0x08003534   0x08003534   0x00000068   Code   RO         1404    i.FLASH_WaitForLastOperation  stm32f0xx_hal_flash.o
    0x0800359c   0x0800359c   0x000001ec   Code   RO          634    i.FlashRom_Init     flashrom.o
    0x08003788   0x08003788   0x00000120   Code   RO          635    i.FlashRom_WriteData  flashrom.o
    0x080038a8   0x080038a8   0x00000104   Code   RO          229    i.GetLine_Proc      debug.o
    0x080039ac   0x080039ac   0x0000002c   Code   RO          865    i.HAL_Delay         stm32f0xx_hal.o
    0x080039d8   0x080039d8   0x000000ac   Code   RO         1511    i.HAL_FLASHEx_Erase  stm32f0xx_hal_flash_ex.o
    0x08003a84   0x08003a84   0x00000014   Code   RO         1408    i.HAL_FLASH_Lock    stm32f0xx_hal_flash.o
    0x08003a98   0x08003a98   0x000000bc   Code   RO         1413    i.HAL_FLASH_Program  stm32f0xx_hal_flash.o
    0x08003b54   0x08003b54   0x00000034   Code   RO         1415    i.HAL_FLASH_Unlock  stm32f0xx_hal_flash.o
    0x08003b88   0x08003b88   0x000001f0   Code   RO         1606    i.HAL_GPIO_Init     stm32f0xx_hal_gpio.o
    0x08003d78   0x08003d78   0x00000012   Code   RO         1608    i.HAL_GPIO_ReadPin  stm32f0xx_hal_gpio.o
    0x08003d8a   0x08003d8a   0x00000014   Code   RO         1609    i.HAL_GPIO_TogglePin  stm32f0xx_hal_gpio.o
    0x08003d9e   0x08003d9e   0x0000000c   Code   RO         1610    i.HAL_GPIO_WritePin  stm32f0xx_hal_gpio.o
    0x08003daa   0x08003daa   0x00000002   PAD
    0x08003dac   0x08003dac   0x0000000c   Code   RO          869    i.HAL_GetTick       stm32f0xx_hal.o
    0x08003db8   0x08003db8   0x00000034   Code   RO         2126    i.HAL_I2CEx_EnableFastModePlus  stm32f0xx_hal_i2c_ex.o
    0x08003dec   0x08003dec   0x00000018   Code   RO          875    i.HAL_IncTick       stm32f0xx_hal.o
    0x08003e04   0x08003e04   0x00000020   Code   RO          876    i.HAL_Init          stm32f0xx_hal.o
    0x08003e24   0x08003e24   0x00000054   Code   RO          877    i.HAL_InitTick      stm32f0xx_hal.o
    0x08003e78   0x08003e78   0x00000040   Code   RO         4984    i.HAL_MspInit       stm32f0xx_hal_msp.o
    0x08003eb8   0x08003eb8   0x00000024   Code   RO         1090    i.HAL_NVIC_EnableIRQ  stm32f0xx_hal_cortex.o
    0x08003edc   0x08003edc   0x00000012   Code   RO         1094    i.HAL_NVIC_SetPriority  stm32f0xx_hal_cortex.o
    0x08003eee   0x08003eee   0x00000002   PAD
    0x08003ef0   0x08003ef0   0x00000150   Code   RO         2427    i.HAL_RCCEx_PeriphCLKConfig  stm32f0xx_hal_rcc_ex.o
    0x08004040   0x08004040   0x0000016c   Code   RO         2332    i.HAL_RCC_ClockConfig  stm32f0xx_hal_rcc.o
    0x080041ac   0x080041ac   0x0000000c   Code   RO         2337    i.HAL_RCC_GetHCLKFreq  stm32f0xx_hal_rcc.o
    0x080041b8   0x080041b8   0x00000024   Code   RO         2339    i.HAL_RCC_GetPCLK1Freq  stm32f0xx_hal_rcc.o
    0x080041dc   0x080041dc   0x000000d0   Code   RO         2340    i.HAL_RCC_GetSysClockFreq  stm32f0xx_hal_rcc.o
    0x080042ac   0x080042ac   0x0000058c   Code   RO         2343    i.HAL_RCC_OscConfig  stm32f0xx_hal_rcc.o
    0x08004838   0x08004838   0x00000038   Code   RO         1098    i.HAL_SYSTICK_Config  stm32f0xx_hal_cortex.o
    0x08004870   0x08004870   0x0000008c   Code   RO         3255    i.HAL_TIMEx_ConfigBreakDeadTime  stm32f0xx_hal_tim_ex.o
    0x080048fc   0x080048fc   0x00000084   Code   RO         3271    i.HAL_TIMEx_MasterConfigSynchronization  stm32f0xx_hal_tim_ex.o
    0x08004980   0x08004980   0x00000064   Code   RO         2541    i.HAL_TIM_Base_Init  stm32f0xx_hal_tim.o
    0x080049e4   0x080049e4   0x0000005c   Code   RO         4986    i.HAL_TIM_Base_MspInit  stm32f0xx_hal_msp.o
    0x08004a40   0x08004a40   0x00000118   Code   RO         2550    i.HAL_TIM_ConfigClockSource  stm32f0xx_hal_tim.o
    0x08004b58   0x08004b58   0x00000060   Code   RO         4987    i.HAL_TIM_MspPostInit  stm32f0xx_hal_msp.o
    0x08004bb8   0x08004bb8   0x0000010a   Code   RO         2613    i.HAL_TIM_PWM_ConfigChannel  stm32f0xx_hal_tim.o
    0x08004cc2   0x08004cc2   0x00000064   Code   RO         2616    i.HAL_TIM_PWM_Init  stm32f0xx_hal_tim.o
    0x08004d26   0x08004d26   0x00000002   Code   RO         2618    i.HAL_TIM_PWM_MspInit  stm32f0xx_hal_tim.o
    0x08004d28   0x08004d28   0x000000f4   Code   RO         2621    i.HAL_TIM_PWM_Start  stm32f0xx_hal_tim.o
    0x08004e1c   0x08004e1c   0x000000d0   Code   RO         2624    i.HAL_TIM_PWM_Stop  stm32f0xx_hal_tim.o
    0x08004eec   0x08004eec   0x0000007e   Code   RO         3556    i.HAL_UART_Init     stm32f0xx_hal_uart.o
    0x08004f6a   0x08004f6a   0x00000002   PAD
    0x08004f6c   0x08004f6c   0x00000108   Code   RO         4989    i.HAL_UART_MspInit  stm32f0xx_hal_msp.o
    0x08005074   0x08005074   0x00000004   Code   RO          800    i.HardFault_Handler  stm32f0xx_it.o
    0x08005078   0x08005078   0x00000040   Code   RO          418    i.HeaterTemper_Error_Check  clothdryer.o
    0x080050b8   0x080050b8   0x00000090   Code   RO          420    i.HumiSensor_Error_Check  clothdryer.o
    0x08005148   0x08005148   0x00000098   Code   RO          421    i.InputCheck_Proc   clothdryer.o
    0x080051e0   0x080051e0   0x00000d5c   Code   RO          422    i.InputKey_Proc     clothdryer.o
    0x08005f3c   0x08005f3c   0x0000013c   Code   RO            3    i.Key_Scan          mytimer.o
    0x08006078   0x08006078   0x00000078   Code   RO          667    i.LD1963_Init       segment.o
    0x080060f0   0x080060f0   0x0000002c   Code   RO          668    i.Led_data_set      segment.o
    0x0800611c   0x0800611c   0x00000178   Code   RO          722    i.MX_GPIO_Init      main.o
    0x08006294   0x08006294   0x000000ac   Code   RO          723    i.MX_TIM17_Init     main.o
    0x08006340   0x08006340   0x0000007c   Code   RO          724    i.MX_TIM1_Init      main.o
    0x080063bc   0x080063bc   0x00000058   Code   RO          725    i.MX_USART1_UART_Init  main.o
    0x08006414   0x08006414   0x00000058   Code   RO          726    i.MX_USART2_UART_Init  main.o
    0x0800646c   0x0800646c   0x0000002c   Code   RO          204    i.MakeCCITT16       crc16.o
    0x08006498   0x08006498   0x000000a8   Code   RO            4    i.MySysTick_Handler  mytimer.o
    0x08006540   0x08006540   0x00000004   Code   RO          801    i.NMI_Handler       stm32f0xx_it.o
    0x08006544   0x08006544   0x000000ea   Code   RO          424    i.Optionled_on      clothdryer.o
    0x0800662e   0x0800662e   0x00000002   PAD
    0x08006630   0x08006630   0x0000021c   Code   RO          425    i.Output_Proc       clothdryer.o
    0x0800684c   0x0800684c   0x00000068   Code   RO          426    i.OverHeat_Error_Check  clothdryer.o
    0x080068b4   0x080068b4   0x000000b0   Code   RO          161    i.PWM_Config        buzzer.o
    0x08006964   0x08006964   0x00000002   Code   RO          802    i.PendSV_Handler    stm32f0xx_it.o
    0x08006966   0x08006966   0x00000002   PAD
    0x08006968   0x08006968   0x000000fc   Code   RO          162    i.Play_Buzzer       buzzer.o
    0x08006a64   0x08006a64   0x00000248   Code   RO          354    i.Rs485_proc        rs485.o
    0x08006cac   0x08006cac   0x00000002   Code   RO          803    i.SVC_Handler       stm32f0xx_it.o
    0x08006cae   0x08006cae   0x00000002   PAD
    0x08006cb0   0x08006cb0   0x00000030   Code   RO          669    i.Seg_data_set      segment.o
    0x08006ce0   0x08006ce0   0x00000068   Code   RO          230    i.SendChar          debug.o
    0x08006d48   0x08006d48   0x00000078   Code   RO          355    i.SendChar2         rs485.o
    0x08006dc0   0x08006dc0   0x00000020   Code   RO          670    i.Send_LED_Data     segment.o
    0x08006de0   0x08006de0   0x0000005c   Code   RO          427    i.Smoke_Error_Check  clothdryer.o
    0x08006e3c   0x08006e3c   0x00000194   Code   RO          428    i.Smoke_Proc        clothdryer.o
    0x08006fd0   0x08006fd0   0x000000f4   Code   RO          429    i.Smokeled_on       clothdryer.o
    0x080070c4   0x080070c4   0x000000a0   Code   RO          671    i.Spi_Send_Data     segment.o
    0x08007164   0x08007164   0x0000030c   Code   RO          430    i.Ster_Proc         clothdryer.o
    0x08007470   0x08007470   0x000000f4   Code   RO          431    i.Sterled_on        clothdryer.o
    0x08007564   0x08007564   0x00000080   Code   RO          432    i.Stop_Proc         clothdryer.o
    0x080075e4   0x080075e4   0x0000000c   Code   RO          804    i.SysTick_Handler   stm32f0xx_it.o
    0x080075f0   0x080075f0   0x0000007a   Code   RO          727    i.SystemClock_Config  main.o
    0x0800766a   0x0800766a   0x00000002   Code   RO         5035    i.SystemInit        system_stm32f0xx.o
    0x0800766c   0x0800766c   0x000000a0   Code   RO         2634    i.TIM_Base_SetConfig  stm32f0xx_hal_tim.o
    0x0800770c   0x0800770c   0x00000022   Code   RO         2635    i.TIM_CCxChannelCmd  stm32f0xx_hal_tim.o
    0x0800772e   0x0800772e   0x0000001c   Code   RO         2645    i.TIM_ETR_SetConfig  stm32f0xx_hal_tim.o
    0x0800774a   0x0800774a   0x00000018   Code   RO         2646    i.TIM_ITRx_SetConfig  stm32f0xx_hal_tim.o
    0x08007762   0x08007762   0x00000002   PAD
    0x08007764   0x08007764   0x000000b0   Code   RO         2647    i.TIM_OC1_SetConfig  stm32f0xx_hal_tim.o
    0x08007814   0x08007814   0x000000c0   Code   RO         2648    i.TIM_OC2_SetConfig  stm32f0xx_hal_tim.o
    0x080078d4   0x080078d4   0x000000bc   Code   RO         2649    i.TIM_OC3_SetConfig  stm32f0xx_hal_tim.o
    0x08007990   0x08007990   0x00000080   Code   RO         2650    i.TIM_OC4_SetConfig  stm32f0xx_hal_tim.o
    0x08007a10   0x08007a10   0x00000032   Code   RO         2652    i.TIM_TI1_ConfigInputStage  stm32f0xx_hal_tim.o
    0x08007a42   0x08007a42   0x00000032   Code   RO         2654    i.TIM_TI2_ConfigInputStage  stm32f0xx_hal_tim.o
    0x08007a74   0x08007a74   0x0000003c   Code   RO          433    i.Temperature_Error_Check  clothdryer.o
    0x08007ab0   0x08007ab0   0x000004c4   Code   RO            5    i.Timer_Proc        mytimer.o
    0x08007f74   0x08007f74   0x000000f0   Code   RO         3570    i.UART_AdvFeatureConfig  stm32f0xx_hal_uart.o
    0x08008064   0x08008064   0x00000074   Code   RO         3571    i.UART_CheckIdleState  stm32f0xx_hal_uart.o
    0x080080d8   0x080080d8   0x0000019c   Code   RO         3587    i.UART_SetConfig    stm32f0xx_hal_uart.o
    0x08008274   0x08008274   0x0000011a   Code   RO         3592    i.UART_WaitOnFlagUntilTimeout  stm32f0xx_hal_uart.o
    0x0800838e   0x0800838e   0x00000008   Code   RO          805    i.USART1_IRQHandler  stm32f0xx_it.o
    0x08008396   0x08008396   0x00000002   PAD
    0x08008398   0x08008398   0x00000100   Code   RO          231    i.USART1_IRQ_Function  debug.o
    0x08008498   0x08008498   0x00000008   Code   RO          806    i.USART2_IRQHandler  stm32f0xx_it.o
    0x080084a0   0x080084a0   0x0000013c   Code   RO          356    i.USART2_IRQ_Function  rs485.o
    0x080085dc   0x080085dc   0x000000cc   Code   RO          232    i.UserCommand_Proc  debug.o
    0x080086a8   0x080086a8   0x00000064   Code   RO          434    i.Ventilation_Error_Check  clothdryer.o
    0x0800870c   0x0800870c   0x00000126   Code   RO          435    i.Waitled_on        clothdryer.o
    0x08008832   0x08008832   0x00000030   Code   RO         2418    i.__ARM_common_ll_muluu  stm32f0xx_hal_rcc.o
    0x08008862   0x08008862   0x0000001c   Code   RO          196    i.__ARM_common_switch8  buzzer.o
    0x0800887e   0x0800887e   0x00000002   PAD
    0x08008880   0x08008880   0x0000002c   Code   RO         5333    i.__ARM_fpclassify  m_ps.l(fpclassify.o)
    0x080088ac   0x080088ac   0x00000078   Code   RO         1100    i.__NVIC_SetPriority  stm32f0xx_hal_cortex.o
    0x08008924   0x08008924   0x00000006   Code   RO         3593    i.__get_PRIMASK     stm32f0xx_hal_uart.o
    0x0800892a   0x0800892a   0x00000006   Code   RO         3594    i.__set_PRIMASK     stm32f0xx_hal_uart.o
    0x08008930   0x08008930   0x0000000e   Code   RO         5165    i._is_digit         c_p.l(__printf_wp.o)
    0x0800893e   0x0800893e   0x00000002   PAD
    0x08008940   0x08008940   0x00000040   Code   RO          233    i.cmd_heat          debug.o
    0x08008980   0x08008980   0x00000010   Code   RO          234    i.cmd_help          debug.o
    0x08008990   0x08008990   0x0000003c   Code   RO          235    i.cmd_humi          debug.o
    0x080089cc   0x080089cc   0x0000003c   Code   RO          236    i.cmd_humitime      debug.o
    0x08008a08   0x08008a08   0x00000048   Code   RO          237    i.cmd_smok          debug.o
    0x08008a50   0x08008a50   0x00000040   Code   RO          238    i.cmd_temp          debug.o
    0x08008a90   0x08008a90   0x00000060   Code   RO          239    i.cmd_test          debug.o
    0x08008af0   0x08008af0   0x00000046   Code   RO          240    i.get_entry         debug.o
    0x08008b36   0x08008b36   0x00000002   PAD
    0x08008b38   0x08008b38   0x000000ec   Code   RO          728    i.main              main.o
    0x08008c24   0x08008c24   0x00000050   Code   RO          242    i.mprintf           debug.o
    0x08008c74   0x08008c74   0x00000034   Code   RO          672    i.uDelay            segment.o
    0x08008ca8   0x08008ca8   0x0000002c   Code   RO         5254    locale$$code        c_p.l(lc_ctype_c.o)
    0x08008cd4   0x08008cd4   0x0000002c   Code   RO         5271    locale$$code        c_p.l(lc_numeric_c.o)
    0x08008d00   0x08008d00   0x00000010   Code   RO         5200    x$fpl$printf1       fz_ps.l(printf1.o)
    0x08008d10   0x08008d10   0x00000010   Code   RO         5202    x$fpl$printf2       fz_ps.l(printf2.o)
    0x08008d20   0x08008d20   0x00000000   Code   RO         5332    x$fpl$usenofp       fz_ps.l(usenofp.o)
    0x08008d20   0x08008d20   0x0000016c   Data   RO          163    .constdata          buzzer.o
    0x08008e8c   0x08008e8c   0x00000200   Data   RO          205    .constdata          crc16.o
    0x0800908c   0x0800908c   0x000001e8   Data   RO          244    .constdata          debug.o
    0x08009274   0x08009274   0x00000074   Data   RO          674    .constdata          segment.o
    0x080092e8   0x080092e8   0x00000018   Data   RO         5036    .constdata          system_stm32f0xx.o
    0x08009300   0x08009300   0x00000008   Data   RO         5124    .constdata          c_p.l(_printf_wctomb.o)
    0x08009308   0x08009308   0x00000028   Data   RO         5153    .constdata          c_p.l(_printf_hex_int_ll_ptr.o)
    0x08009330   0x08009330   0x00000011   Data   RO         5173    .constdata          c_p.l(__printf_flags_ss_wp.o)
    0x08009341   0x08009341   0x00000026   Data   RO         5240    .constdata          c_p.l(_printf_fp_hex.o)
    0x08009367   0x08009367   0x00000001   PAD
    0x08009368   0x08009368   0x00000094   Data   RO         5266    .constdata          c_p.l(bigflt0.o)
    0x080093fc   0x080093fc   0x00000020   Data   RO         5417    Region$$Table       anon$$obj.o
    0x0800941c   0x0800941c   0x00000110   Data   RO         5253    locale$$data        c_p.l(lc_ctype_c.o)
    0x0800952c   0x0800952c   0x0000001c   Data   RO         5270    locale$$data        c_p.l(lc_numeric_c.o)


    Execution Region RW_IRAM1 (Exec base: 0x20000000, Load base: 0x08009548, Size: 0x00000b48, Max: 0x00002000, ABSOLUTE)

    Exec Addr    Load Addr    Size         Type   Attr      Idx    E Section Name        Object

    0x20000000   0x08009548   0x00000029   Data   RW            7    .data               mytimer.o
    0x20000029   0x08009571   0x00000003   PAD
    0x2000002c   0x08009574   0x00000012   Data   RW          164    .data               buzzer.o
    0x2000003e   0x08009586   0x00000011   Data   RW          245    .data               debug.o
    0x2000004f   0x08009597   0x00000001   PAD
    0x20000050   0x08009598   0x00000010   Data   RW          359    .data               rs485.o
    0x20000060   0x080095a8   0x00000094   Data   RW          436    .data               clothdryer.o
    0x200000f4   0x0800963c   0x00000010   Data   RW          637    .data               flashrom.o
    0x20000104   0x0800964c   0x00000009   Data   RW          883    .data               stm32f0xx_hal.o
    0x2000010d   0x08009655   0x00000003   PAD
    0x20000110   0x08009658   0x00000004   Data   RW         5037    .data               system_stm32f0xx.o
    0x20000114        -       0x00000015   Zero   RW            6    .bss                mytimer.o
    0x20000129        -       0x00000160   Zero   RW          243    .bss                debug.o
    0x20000289        -       0x00000080   Zero   RW          358    .bss                rs485.o
    0x20000309   0x0800965c   0x00000003   PAD
    0x2000030c        -       0x00000018   Zero   RW          636    .bss                flashrom.o
    0x20000324        -       0x0000000a   Zero   RW          673    .bss                segment.o
    0x2000032e   0x0800965c   0x00000002   PAD
    0x20000330        -       0x00000198   Zero   RW          729    .bss                main.o
    0x200004c8        -       0x00000020   Zero   RW         1416    .bss                stm32f0xx_hal_flash.o
    0x200004e8        -       0x00000060   Zero   RW         5209    .bss                c_p.l(libspace.o)
    0x20000548        -       0x00000200   Zero   RW         4976    HEAP                startup_stm32f030x8.o
    0x20000748        -       0x00000400   Zero   RW         4975    STACK               startup_stm32f030x8.o


==============================================================================

Image component sizes


      Code (inc. data)   RO Data    RW Data    ZI Data      Debug   Object Name

       736        134        364         18          0       3944   buzzer.o
     12616       1326          0        148          0      26597   clothdryer.o
        44          4        512          0          0       1243   crc16.o
      1430        262        488         17        352      11238   debug.o
       780        152          0         16         24       3008   flashrom.o
      1212        150          0          0        408       5656   main.o
      1704        292          0         41         21     293563   mytimer.o
      1020        206          0         16        128       4406   rs485.o
       456         26        116          0         10       3945   segment.o
        56         26        180          0       1536        780   startup_stm32f030x8.o
       196         38          0          9          0       8333   stm32f0xx_hal.o
       230         26          0          0          0      10717   stm32f0xx_hal_cortex.o
       468         52          0          0         32       4510   stm32f0xx_hal_flash.o
       256         30          0          0          0       2667   stm32f0xx_hal_flash_ex.o
       546         26          0          0          0       3524   stm32f0xx_hal_gpio.o
        52         10          0          0          0       1127   stm32f0xx_hal_i2c_ex.o
       516         40          0          0          0       3330   stm32f0xx_hal_msp.o
      2088        102          0          0          0       5485   stm32f0xx_hal_rcc.o
       336         14          0          0          0       1496   stm32f0xx_hal_rcc_ex.o
      2230        136          0          0          0      13669   stm32f0xx_hal_tim.o
       272         14          0          0          0       2240   stm32f0xx_hal_tim_ex.o
      1188         28          0          0          0       8837   stm32f0xx_hal_uart.o
        40          0          0          0          0       3395   stm32f0xx_it.o
         2          0         24          4          0       1307   system_stm32f0xx.o

    ----------------------------------------------------------------------
     28500       3094       1716        276       2516     425017   Object Totals
         0          0         32          0          0          0   (incl. Generated)
        26          0          0          7          5          0   (incl. Padding)

    ----------------------------------------------------------------------

      Code (inc. data)   RO Data    RW Data    ZI Data      Debug   Library Member Name

         8          0          0          0          0         68   __main.o
       392          6         17          0          0         76   __printf_flags_ss_wp.o
        14          0          0          0          0         60   __printf_wp.o
         0          0          0          0          0          0   __rtentry.o
        12          0          0          0          0          0   __rtentry2.o
         6          0          0          0          0          0   __rtentry4.o
        60          8          0          0          0          0   __scatter.o
        26          0          0          0          0          0   __scatter_copy.o
        28          0          0          0          0          0   __scatter_zi.o
        30          0          0          0          0         60   _chval.o
        10          0          0          0          0          0   _printf_a.o
        10          0          0          0          0          0   _printf_c.o
        46          0          0          0          0        100   _printf_char.o
        48          6          0          0          0         88   _printf_char_common.o
        38          0          0          0          0         60   _printf_charcount.o
        10          0          0          0          0          0   _printf_d.o
       108         18          0          0          0         76   _printf_dec.o
        10          0          0          0          0          0   _printf_e.o
        10          0          0          0          0          0   _printf_f.o
      1048         14          0          0          0        176   _printf_fp_dec.o
       728         10         38          0          0         84   _printf_fp_hex.o
       136         16          0          0          0         76   _printf_fp_infnan.o
        10          0          0          0          0          0   _printf_g.o
       152          4         40          0          0        148   _printf_hex_int_ll_ptr.o
        10          0          0          0          0          0   _printf_i.o
       176          0          0          0          0         84   _printf_intcommon.o
        10          0          0          0          0          0   _printf_l.o
        10          0          0          0          0          0   _printf_lc.o
        10          0          0          0          0          0   _printf_ll.o
        10          0          0          0          0          0   _printf_lld.o
        10          0          0          0          0          0   _printf_lli.o
        10          0          0          0          0          0   _printf_llo.o
        10          0          0          0          0          0   _printf_llu.o
        10          0          0          0          0          0   _printf_llx.o
       112         18          0          0          0         76   _printf_longlong_dec.o
        10          0          0          0          0          0   _printf_ls.o
        10          0          0          0          0          0   _printf_n.o
        10          0          0          0          0          0   _printf_o.o
       112         10          0          0          0        112   _printf_oct_int_ll.o
        10          0          0          0          0          0   _printf_p.o
        78          0          0          0          0        100   _printf_pad.o
         2          0          0          0          0          0   _printf_percent.o
         4          0          0          0          0          0   _printf_percent_end.o
        10          0          0          0          0          0   _printf_s.o
        82          0          0          0          0         72   _printf_str.o
        36          0          0          0          0         76   _printf_truncate.o
        10          0          0          0          0          0   _printf_u.o
        46          0          0          0          0        100   _printf_wchar.o
       188          6          8          0          0         80   _printf_wctomb.o
        10          0          0          0          0          0   _printf_x.o
        10          0          0          0          0         60   _sputc.o
       166          0          0          0          0         84   _strtoul.o
        64          0          0          0          0         72   _wcrtomb.o
       346          0          0          0          0         92   aeabi_sdiv.o
        26          0          0          0          0         72   atoi.o
       216          6        148          0          0         80   bigflt0.o
      1408         30          0          0          0        260   btod.o
        16          0          0          0          0         68   exit.o
         6          0          0          0          0        136   heapauxi.o
         0          0          0          0          0          0   indicate_semi.o
        44         10        272          0          0         76   lc_ctype_c.o
        44         10         28          0          0         76   lc_numeric_c.o
         2          0          0          0          0          0   libinit.o
        30          0          0          0          0          0   libinit2.o
         2          0          0          0          0          0   libshutdown.o
         2          0          0          0          0          0   libshutdown2.o
         8          4          0          0         96         68   libspace.o
       258          0          0          0          0         88   lludiv.o
       122          0          0          0          0         72   lludiv10.o
        34          0          0          0          0         68   llushr.o
        16          4          0          0          0         76   rt_ctype_table.o
         8          4          0          0          0         68   rt_errno_addr_intlibspace.o
         8          4          0          0          0         68   rt_locale_intlibspace.o
        64          0          0          0          0        108   rt_memclr.o
         2          0          0          0          0          0   rtexit.o
        10          0          0          0          0          0   rtexit2.o
        40          0          0          0          0         60   rtudiv10.o
       136          4          0          0          0         72   strcmp.o
        76          6          0          0          0         72   strcpy.o
       112          4          0          0          0         76   strtol.o
        12          4          0          0          0         60   sys_exit.o
        62          0          0          0          0         80   sys_stackheap_outer.o
        30          0          0          0          0         68   toupper.o
         2          0          0          0          0         68   use_no_semi.o
        36          4          0          0          0         68   vsprintf.o
        16          4          0          0          0         76   printf1.o
        16          4          0          0          0         76   printf2.o
         0          0          0          0          0          0   usenofp.o
        44          4          0          0          0         60   fpclassify.o

    ----------------------------------------------------------------------
      7448        222        552          0         96       4300   Library Totals
        18          0          1          0          0          0   (incl. Padding)

    ----------------------------------------------------------------------

      Code (inc. data)   RO Data    RW Data    ZI Data      Debug   Library Name

      7354        210        551          0         96       4088   c_p.l
        32          8          0          0          0        152   fz_ps.l
        44          4          0          0          0         60   m_ps.l

    ----------------------------------------------------------------------
      7448        222        552          0         96       4300   Library Totals

    ----------------------------------------------------------------------

==============================================================================


      Code (inc. data)   RO Data    RW Data    ZI Data      Debug   

     35948       3316       2268        276       2612     421109   Grand Totals
     35948       3316       2268        276       2612     421109   ELF Image Totals
     35948       3316       2268        276          0          0   ROM Totals

==============================================================================

    Total RO  Size (Code + RO Data)                38216 (  37.32kB)
    Total RW  Size (RW Data + ZI Data)              2888 (   2.82kB)
    Total ROM Size (Code + RO Data + RW Data)      38492 (  37.59kB)

==============================================================================

